Archive member included to satisfy reference by file (symbol)

/Users/liaojincheng/ti/msp430-gcc/bin/../lib/gcc/msp430-elf/9.3.1/430/libgcc.a(_fixunssfsi.o)
                              CMakeFiles/example.dir/Core/Src/bsp_usart.c.o (__fixunssfsi)
/Users/liaojincheng/ti/msp430-gcc/bin/../lib/gcc/msp430-elf/9.3.1/430/libgcc.a(_addsub_sf.o)
                              /Users/liaojincheng/ti/msp430-gcc/bin/../lib/gcc/msp430-elf/9.3.1/430/libgcc.a(_fixunssfsi.o) (__mspabi_subf)
/Users/liaojincheng/ti/msp430-gcc/bin/../lib/gcc/msp430-elf/9.3.1/430/libgcc.a(_mul_sf.o)
                              CMakeFiles/example.dir/Core/Src/bsp_usart.c.o (__mspabi_mpyf)
/Users/liaojincheng/ti/msp430-gcc/bin/../lib/gcc/msp430-elf/9.3.1/430/libgcc.a(_ge_sf.o)
                              /Users/liaojincheng/ti/msp430-gcc/bin/../lib/gcc/msp430-elf/9.3.1/430/libgcc.a(_fixunssfsi.o) (__gesf2)
/Users/liaojincheng/ti/msp430-gcc/bin/../lib/gcc/msp430-elf/9.3.1/430/libgcc.a(_sf_to_si.o)
                              /Users/liaojincheng/ti/msp430-gcc/bin/../lib/gcc/msp430-elf/9.3.1/430/libgcc.a(_fixunssfsi.o) (__mspabi_fixfli)
/Users/liaojincheng/ti/msp430-gcc/bin/../lib/gcc/msp430-elf/9.3.1/430/libgcc.a(_thenan_sf.o)
                              /Users/liaojincheng/ti/msp430-gcc/bin/../lib/gcc/msp430-elf/9.3.1/430/libgcc.a(_addsub_sf.o) (__thenan_sf)
/Users/liaojincheng/ti/msp430-gcc/bin/../lib/gcc/msp430-elf/9.3.1/430/libgcc.a(_mul_df.o)
                              CMakeFiles/example.dir/Core/Src/main.c.o (__mspabi_mpyd)
/Users/liaojincheng/ti/msp430-gcc/bin/../lib/gcc/msp430-elf/9.3.1/430/libgcc.a(_div_df.o)
                              CMakeFiles/example.dir/Core/Src/main.c.o (__mspabi_divd)
/Users/liaojincheng/ti/msp430-gcc/bin/../lib/gcc/msp430-elf/9.3.1/430/libgcc.a(_df_to_sf.o)
                              CMakeFiles/example.dir/Core/Src/main.c.o (__mspabi_cvtdf)
/Users/liaojincheng/ti/msp430-gcc/bin/../lib/gcc/msp430-elf/9.3.1/430/libgcc.a(_thenan_df.o)
                              /Users/liaojincheng/ti/msp430-gcc/bin/../lib/gcc/msp430-elf/9.3.1/430/libgcc.a(_mul_df.o) (__thenan_df)
/Users/liaojincheng/ti/msp430-gcc/bin/../lib/gcc/msp430-elf/9.3.1/430/libgcc.a(_usi_to_df.o)
                              CMakeFiles/example.dir/Core/Src/main.c.o (__mspabi_fltuld)
/Users/liaojincheng/ti/msp430-gcc/bin/../lib/gcc/msp430-elf/9.3.1/430/libgcc.a(lib2divHI.o)
                              CMakeFiles/example.dir/Device/Src/msp430_timer_a.c.o (__mspabi_divu)
/Users/liaojincheng/ti/msp430-gcc/bin/../lib/gcc/msp430-elf/9.3.1/430/libgcc.a(lib2divSI.o)
                              CMakeFiles/example.dir/Core/Src/bsp_usart.c.o (__mspabi_divul)
/Users/liaojincheng/ti/msp430-gcc/bin/../lib/gcc/msp430-elf/9.3.1/430/libgcc.a(epilogue.o)
                              /Users/liaojincheng/ti/msp430-gcc/bin/../lib/gcc/msp430-elf/9.3.1/430/libgcc.a(_addsub_sf.o) (__mspabi_func_epilog_7)
/Users/liaojincheng/ti/msp430-gcc/bin/../lib/gcc/msp430-elf/9.3.1/430/libgcc.a(slli.o)
                              CMakeFiles/example.dir/Core/Src/TCA6416A.c.o (__mspabi_slli_8)
/Users/liaojincheng/ti/msp430-gcc/bin/../lib/gcc/msp430-elf/9.3.1/430/libgcc.a(srai.o)
                              /Users/liaojincheng/ti/msp430-gcc/bin/../lib/gcc/msp430-elf/9.3.1/430/libgcc.a(lib2divHI.o) (__mspabi_srai)
/Users/liaojincheng/ti/msp430-gcc/bin/../lib/gcc/msp430-elf/9.3.1/430/libgcc.a(srli.o)
                              CMakeFiles/example.dir/Core/Src/LCD_128.c.o (__mspabi_srli_12)
/Users/liaojincheng/ti/msp430-gcc/bin/../lib/gcc/msp430-elf/9.3.1/430/libgcc.a(_clzsi2.o)
                              /Users/liaojincheng/ti/msp430-gcc/bin/../lib/gcc/msp430-elf/9.3.1/430/libgcc.a(_usi_to_df.o) (__clzsi2)
/Users/liaojincheng/ti/msp430-gcc/bin/../lib/gcc/msp430-elf/9.3.1/430/libgcc.a(_udivdi3.o)
                              /Users/liaojincheng/ti/msp430-gcc/bin/../lib/gcc/msp430-elf/9.3.1/430/libgcc.a(lib2divSI.o) (__mspabi_divull)
/Users/liaojincheng/ti/msp430-gcc/bin/../lib/gcc/msp430-elf/9.3.1/430/libgcc.a(_pack_sf.o)
                              /Users/liaojincheng/ti/msp430-gcc/bin/../lib/gcc/msp430-elf/9.3.1/430/libgcc.a(_addsub_sf.o) (__pack_f)
/Users/liaojincheng/ti/msp430-gcc/bin/../lib/gcc/msp430-elf/9.3.1/430/libgcc.a(_unpack_sf.o)
                              /Users/liaojincheng/ti/msp430-gcc/bin/../lib/gcc/msp430-elf/9.3.1/430/libgcc.a(_addsub_sf.o) (__unpack_f)
/Users/liaojincheng/ti/msp430-gcc/bin/../lib/gcc/msp430-elf/9.3.1/430/libgcc.a(_fpcmp_parts_sf.o)
                              /Users/liaojincheng/ti/msp430-gcc/bin/../lib/gcc/msp430-elf/9.3.1/430/libgcc.a(_ge_sf.o) (__fpcmp_parts_f)
/Users/liaojincheng/ti/msp430-gcc/bin/../lib/gcc/msp430-elf/9.3.1/430/libgcc.a(_make_sf.o)
                              /Users/liaojincheng/ti/msp430-gcc/bin/../lib/gcc/msp430-elf/9.3.1/430/libgcc.a(_df_to_sf.o) (__make_fp)
/Users/liaojincheng/ti/msp430-gcc/bin/../lib/gcc/msp430-elf/9.3.1/430/libgcc.a(_pack_df.o)
                              /Users/liaojincheng/ti/msp430-gcc/bin/../lib/gcc/msp430-elf/9.3.1/430/libgcc.a(_mul_df.o) (__pack_d)
/Users/liaojincheng/ti/msp430-gcc/bin/../lib/gcc/msp430-elf/9.3.1/430/libgcc.a(_unpack_df.o)
                              /Users/liaojincheng/ti/msp430-gcc/bin/../lib/gcc/msp430-elf/9.3.1/430/libgcc.a(_mul_df.o) (__unpack_d)
/Users/liaojincheng/ti/msp430-gcc/bin/../lib/gcc/msp430-elf/9.3.1/430/libgcc.a(_clz.o)
                              /Users/liaojincheng/ti/msp430-gcc/bin/../lib/gcc/msp430-elf/9.3.1/430/libgcc.a(_clzsi2.o) (__clz_tab)
/Users/liaojincheng/ti/msp430-gcc/bin/../lib/gcc/msp430-elf/9.3.1/430/libgcc.a(_clzdi2.o)
                              /Users/liaojincheng/ti/msp430-gcc/bin/../lib/gcc/msp430-elf/9.3.1/430/libgcc.a(_udivdi3.o) (__clzdi2)
/Users/liaojincheng/ti/msp430-gcc/bin/../lib/gcc/msp430-elf/9.3.1/430/libmul_none.a(lib2_mul_none.o)
                              CMakeFiles/example.dir/Device/Src/msp430_timer_a.c.o (__mspabi_mpyl)
/Users/liaojincheng/ti/msp430-gcc/bin/../lib/gcc/msp430-elf/9.3.1/../../../../msp430-elf/lib/430/libc.a(lib_a-memcpy.o)
                              /Users/liaojincheng/ti/msp430-gcc/bin/../lib/gcc/msp430-elf/9.3.1/430/libgcc.a(_addsub_sf.o) (memcpy)
/Users/liaojincheng/ti/msp430-gcc/bin/../lib/gcc/msp430-elf/9.3.1/../../../../msp430-elf/lib/430/libcrt.a(crt_bss.o)
                              CMakeFiles/example.dir/Core/Src/HT1621.c.o (__crt0_init_bss)
/Users/liaojincheng/ti/msp430-gcc/bin/../lib/gcc/msp430-elf/9.3.1/../../../../msp430-elf/lib/430/libcrt.a(crt_movedata.o)
                              CMakeFiles/example.dir/Core/Src/TCA6416A.c.o (__crt0_movedata)
/Users/liaojincheng/ti/msp430-gcc/bin/../lib/gcc/msp430-elf/9.3.1/../../../../msp430-elf/lib/430/libcrt.a(crt_main.o)
                              /Users/liaojincheng/ti/msp430-gcc/bin/../lib/gcc/msp430-elf/9.3.1/../../../../msp430-elf/lib/430/crt0.o (__crt0_call_main)
/Users/liaojincheng/ti/msp430-gcc/bin/../lib/gcc/msp430-elf/9.3.1/../../../../msp430-elf/lib/430/libc.a(lib_a-memmove.o)
                              /Users/liaojincheng/ti/msp430-gcc/bin/../lib/gcc/msp430-elf/9.3.1/../../../../msp430-elf/lib/430/libcrt.a(crt_movedata.o) (memmove)
/Users/liaojincheng/ti/msp430-gcc/bin/../lib/gcc/msp430-elf/9.3.1/../../../../msp430-elf/lib/430/libc.a(lib_a-memset.o)
                              /Users/liaojincheng/ti/msp430-gcc/bin/../lib/gcc/msp430-elf/9.3.1/../../../../msp430-elf/lib/430/libcrt.a(crt_bss.o) (memset)

Discarded input sections

 .text          0x0000000000000000        0x0 /Users/liaojincheng/ti/msp430-gcc/bin/../lib/gcc/msp430-elf/9.3.1/../../../../msp430-elf/lib/430/crt0.o
 .data          0x0000000000000000        0x0 /Users/liaojincheng/ti/msp430-gcc/bin/../lib/gcc/msp430-elf/9.3.1/../../../../msp430-elf/lib/430/crt0.o
 .bss           0x0000000000000000        0x0 /Users/liaojincheng/ti/msp430-gcc/bin/../lib/gcc/msp430-elf/9.3.1/../../../../msp430-elf/lib/430/crt0.o
 .text          0x0000000000000000        0x0 /Users/liaojincheng/ti/msp430-gcc/bin/../lib/gcc/msp430-elf/9.3.1/430/crtbegin_no_eh.o
 .data          0x0000000000000000        0x0 /Users/liaojincheng/ti/msp430-gcc/bin/../lib/gcc/msp430-elf/9.3.1/430/crtbegin_no_eh.o
 .bss           0x0000000000000000        0x0 /Users/liaojincheng/ti/msp430-gcc/bin/../lib/gcc/msp430-elf/9.3.1/430/crtbegin_no_eh.o
 .comment       0x0000000000000000       0x3a /Users/liaojincheng/ti/msp430-gcc/bin/../lib/gcc/msp430-elf/9.3.1/430/crtbegin_no_eh.o
 .text          0x0000000000000000      0x268 CMakeFiles/example.dir/Core/Src/HT1621.c.o
 .data          0x0000000000000000        0x0 CMakeFiles/example.dir/Core/Src/HT1621.c.o
 .bss           0x0000000000000000        0x6 CMakeFiles/example.dir/Core/Src/HT1621.c.o
 .debug_frame   0x0000000000000000       0x74 CMakeFiles/example.dir/Core/Src/HT1621.c.o
 .debug_info    0x0000000000000000      0x63b CMakeFiles/example.dir/Core/Src/HT1621.c.o
 .debug_abbrev  0x0000000000000000       0xfc CMakeFiles/example.dir/Core/Src/HT1621.c.o
 .debug_aranges
                0x0000000000000000       0x20 CMakeFiles/example.dir/Core/Src/HT1621.c.o
 .debug_line    0x0000000000000000      0x3f4 CMakeFiles/example.dir/Core/Src/HT1621.c.o
 .debug_str     0x0000000000000000      0x470 CMakeFiles/example.dir/Core/Src/HT1621.c.o
 .comment       0x0000000000000000       0x3a CMakeFiles/example.dir/Core/Src/HT1621.c.o
 .text          0x0000000000000000      0xef0 CMakeFiles/example.dir/Core/Src/LCD_128.c.o
 .data          0x0000000000000000        0x0 CMakeFiles/example.dir/Core/Src/LCD_128.c.o
 .bss           0x0000000000000000       0x16 CMakeFiles/example.dir/Core/Src/LCD_128.c.o
 .debug_frame   0x0000000000000000      0x15c CMakeFiles/example.dir/Core/Src/LCD_128.c.o
 .debug_info    0x0000000000000000      0x7a9 CMakeFiles/example.dir/Core/Src/LCD_128.c.o
 .debug_abbrev  0x0000000000000000      0x146 CMakeFiles/example.dir/Core/Src/LCD_128.c.o
 .debug_aranges
                0x0000000000000000       0x20 CMakeFiles/example.dir/Core/Src/LCD_128.c.o
 .debug_line    0x0000000000000000      0xe1e CMakeFiles/example.dir/Core/Src/LCD_128.c.o
 .debug_str     0x0000000000000000      0x510 CMakeFiles/example.dir/Core/Src/LCD_128.c.o
 .comment       0x0000000000000000       0x3a CMakeFiles/example.dir/Core/Src/LCD_128.c.o
 .text          0x0000000000000000      0x240 CMakeFiles/example.dir/Core/Src/TCA6416A.c.o
 .data          0x0000000000000000        0x2 CMakeFiles/example.dir/Core/Src/TCA6416A.c.o
 .bss           0x0000000000000000        0x8 CMakeFiles/example.dir/Core/Src/TCA6416A.c.o
 .debug_frame   0x0000000000000000       0xb4 CMakeFiles/example.dir/Core/Src/TCA6416A.c.o
 .debug_info    0x0000000000000000      0x727 CMakeFiles/example.dir/Core/Src/TCA6416A.c.o
 .debug_abbrev  0x0000000000000000      0x10c CMakeFiles/example.dir/Core/Src/TCA6416A.c.o
 .debug_aranges
                0x0000000000000000       0x20 CMakeFiles/example.dir/Core/Src/TCA6416A.c.o
 .debug_line    0x0000000000000000      0x2fe CMakeFiles/example.dir/Core/Src/TCA6416A.c.o
 .debug_str     0x0000000000000000      0x4b2 CMakeFiles/example.dir/Core/Src/TCA6416A.c.o
 .comment       0x0000000000000000       0x3a CMakeFiles/example.dir/Core/Src/TCA6416A.c.o
 .data          0x0000000000000000        0x0 CMakeFiles/example.dir/Core/Src/USCI_I2C.c.o
 .text          0x0000000000000000       0x32 CMakeFiles/example.dir/Core/Src/bsp_ADC10.c.o
 .data          0x0000000000000000        0x0 CMakeFiles/example.dir/Core/Src/bsp_ADC10.c.o
 .bss           0x0000000000000000        0x0 CMakeFiles/example.dir/Core/Src/bsp_ADC10.c.o
 .debug_frame   0x0000000000000000       0x24 CMakeFiles/example.dir/Core/Src/bsp_ADC10.c.o
 .debug_info    0x0000000000000000      0x577 CMakeFiles/example.dir/Core/Src/bsp_ADC10.c.o
 .debug_abbrev  0x0000000000000000       0x84 CMakeFiles/example.dir/Core/Src/bsp_ADC10.c.o
 .debug_aranges
                0x0000000000000000       0x20 CMakeFiles/example.dir/Core/Src/bsp_ADC10.c.o
 .debug_line    0x0000000000000000       0xd6 CMakeFiles/example.dir/Core/Src/bsp_ADC10.c.o
 .debug_str     0x0000000000000000      0x470 CMakeFiles/example.dir/Core/Src/bsp_ADC10.c.o
 .comment       0x0000000000000000       0x3a CMakeFiles/example.dir/Core/Src/bsp_ADC10.c.o
 .data          0x0000000000000000        0x0 CMakeFiles/example.dir/Core/Src/bsp_Clock.c.o
 .bss           0x0000000000000000        0x0 CMakeFiles/example.dir/Core/Src/bsp_Clock.c.o
 .data          0x0000000000000000        0x0 CMakeFiles/example.dir/Core/Src/bsp_GPIO.c.o
 .bss           0x0000000000000000        0x0 CMakeFiles/example.dir/Core/Src/bsp_GPIO.c.o
 .text          0x0000000000000000       0x4c CMakeFiles/example.dir/Core/Src/bsp_Key.c.o
 .data          0x0000000000000000        0x0 CMakeFiles/example.dir/Core/Src/bsp_Key.c.o
 .bss           0x0000000000000000        0x0 CMakeFiles/example.dir/Core/Src/bsp_Key.c.o
 .debug_frame   0x0000000000000000       0x24 CMakeFiles/example.dir/Core/Src/bsp_Key.c.o
 .debug_info    0x0000000000000000      0x577 CMakeFiles/example.dir/Core/Src/bsp_Key.c.o
 .debug_abbrev  0x0000000000000000       0x84 CMakeFiles/example.dir/Core/Src/bsp_Key.c.o
 .debug_aranges
                0x0000000000000000       0x20 CMakeFiles/example.dir/Core/Src/bsp_Key.c.o
 .debug_line    0x0000000000000000       0xd0 CMakeFiles/example.dir/Core/Src/bsp_Key.c.o
 .debug_str     0x0000000000000000      0x470 CMakeFiles/example.dir/Core/Src/bsp_Key.c.o
 .comment       0x0000000000000000       0x3a CMakeFiles/example.dir/Core/Src/bsp_Key.c.o
 .text          0x0000000000000000      0x1a0 CMakeFiles/example.dir/Core/Src/bsp_pwm.c.o
 .data          0x0000000000000000        0x0 CMakeFiles/example.dir/Core/Src/bsp_pwm.c.o
 .bss           0x0000000000000000        0x0 CMakeFiles/example.dir/Core/Src/bsp_pwm.c.o
 .debug_frame   0x0000000000000000       0x54 CMakeFiles/example.dir/Core/Src/bsp_pwm.c.o
 .debug_info    0x0000000000000000      0x5ad CMakeFiles/example.dir/Core/Src/bsp_pwm.c.o
 .debug_abbrev  0x0000000000000000       0x84 CMakeFiles/example.dir/Core/Src/bsp_pwm.c.o
 .debug_aranges
                0x0000000000000000       0x20 CMakeFiles/example.dir/Core/Src/bsp_pwm.c.o
 .debug_line    0x0000000000000000      0x1fa CMakeFiles/example.dir/Core/Src/bsp_pwm.c.o
 .debug_str     0x0000000000000000      0x49d CMakeFiles/example.dir/Core/Src/bsp_pwm.c.o
 .comment       0x0000000000000000       0x3a CMakeFiles/example.dir/Core/Src/bsp_pwm.c.o
 .text          0x0000000000000000      0x20e CMakeFiles/example.dir/Core/Src/bsp_usart.c.o
 .data          0x0000000000000000        0x0 CMakeFiles/example.dir/Core/Src/bsp_usart.c.o
 .bss           0x0000000000000000        0x0 CMakeFiles/example.dir/Core/Src/bsp_usart.c.o
 .rodata        0x0000000000000000       0x14 CMakeFiles/example.dir/Core/Src/bsp_usart.c.o
 .debug_frame   0x0000000000000000       0x94 CMakeFiles/example.dir/Core/Src/bsp_usart.c.o
 .debug_info    0x0000000000000000      0x6a8 CMakeFiles/example.dir/Core/Src/bsp_usart.c.o
 .debug_abbrev  0x0000000000000000      0x12a CMakeFiles/example.dir/Core/Src/bsp_usart.c.o
 .debug_aranges
                0x0000000000000000       0x20 CMakeFiles/example.dir/Core/Src/bsp_usart.c.o
 .debug_line    0x0000000000000000      0x343 CMakeFiles/example.dir/Core/Src/bsp_usart.c.o
 .debug_str     0x0000000000000000      0x4e6 CMakeFiles/example.dir/Core/Src/bsp_usart.c.o
 .comment       0x0000000000000000       0x3a CMakeFiles/example.dir/Core/Src/bsp_usart.c.o
 .data          0x0000000000000000        0x0 CMakeFiles/example.dir/Core/Src/main.c.o
 .text          0x0000000000000000        0x0 CMakeFiles/example.dir/Core/Src/msp430_it.c.o
 .data          0x0000000000000000        0x0 CMakeFiles/example.dir/Core/Src/msp430_it.c.o
 .bss           0x0000000000000000        0x0 CMakeFiles/example.dir/Core/Src/msp430_it.c.o
 .debug_info    0x0000000000000000      0x55d CMakeFiles/example.dir/Core/Src/msp430_it.c.o
 .debug_abbrev  0x0000000000000000       0x66 CMakeFiles/example.dir/Core/Src/msp430_it.c.o
 .debug_aranges
                0x0000000000000000       0x18 CMakeFiles/example.dir/Core/Src/msp430_it.c.o
 .debug_line    0x0000000000000000       0x58 CMakeFiles/example.dir/Core/Src/msp430_it.c.o
 .debug_str     0x0000000000000000      0x465 CMakeFiles/example.dir/Core/Src/msp430_it.c.o
 .comment       0x0000000000000000       0x3a CMakeFiles/example.dir/Core/Src/msp430_it.c.o
 .data          0x0000000000000000        0x0 CMakeFiles/example.dir/Device/Src/msp430_adc10.c.o
 .bss           0x0000000000000000        0x0 CMakeFiles/example.dir/Device/Src/msp430_adc10.c.o
 .text          0x0000000000000000        0x0 CMakeFiles/example.dir/Device/Src/msp430_gpio.c.o
 .data          0x0000000000000000        0x0 CMakeFiles/example.dir/Device/Src/msp430_gpio.c.o
 .bss           0x0000000000000000        0x0 CMakeFiles/example.dir/Device/Src/msp430_gpio.c.o
 .debug_info    0x0000000000000000      0x525 CMakeFiles/example.dir/Device/Src/msp430_gpio.c.o
 .debug_abbrev  0x0000000000000000       0x5b CMakeFiles/example.dir/Device/Src/msp430_gpio.c.o
 .debug_aranges
                0x0000000000000000       0x18 CMakeFiles/example.dir/Device/Src/msp430_gpio.c.o
 .debug_line    0x0000000000000000       0x58 CMakeFiles/example.dir/Device/Src/msp430_gpio.c.o
 .debug_str     0x0000000000000000      0x400 CMakeFiles/example.dir/Device/Src/msp430_gpio.c.o
 .comment       0x0000000000000000       0x3a CMakeFiles/example.dir/Device/Src/msp430_gpio.c.o
 .data          0x0000000000000000        0x0 CMakeFiles/example.dir/Device/Src/msp430_timer_a.c.o
 .bss           0x0000000000000000        0x0 CMakeFiles/example.dir/Device/Src/msp430_timer_a.c.o
 .text          0x0000000000000000        0x0 /Users/liaojincheng/ti/msp430-gcc/bin/../lib/gcc/msp430-elf/9.3.1/430/libgcc.a(_fixunssfsi.o)
 .data          0x0000000000000000        0x0 /Users/liaojincheng/ti/msp430-gcc/bin/../lib/gcc/msp430-elf/9.3.1/430/libgcc.a(_fixunssfsi.o)
 .bss           0x0000000000000000        0x0 /Users/liaojincheng/ti/msp430-gcc/bin/../lib/gcc/msp430-elf/9.3.1/430/libgcc.a(_fixunssfsi.o)
 .text.__fixunssfsi
                0x0000000000000000       0x3e /Users/liaojincheng/ti/msp430-gcc/bin/../lib/gcc/msp430-elf/9.3.1/430/libgcc.a(_fixunssfsi.o)
 .comment       0x0000000000000000       0x3a /Users/liaojincheng/ti/msp430-gcc/bin/../lib/gcc/msp430-elf/9.3.1/430/libgcc.a(_fixunssfsi.o)
 .text          0x0000000000000000        0x0 /Users/liaojincheng/ti/msp430-gcc/bin/../lib/gcc/msp430-elf/9.3.1/430/libgcc.a(_addsub_sf.o)
 .data          0x0000000000000000        0x0 /Users/liaojincheng/ti/msp430-gcc/bin/../lib/gcc/msp430-elf/9.3.1/430/libgcc.a(_addsub_sf.o)
 .bss           0x0000000000000000        0x0 /Users/liaojincheng/ti/msp430-gcc/bin/../lib/gcc/msp430-elf/9.3.1/430/libgcc.a(_addsub_sf.o)
 .text._fpadd_parts
                0x0000000000000000      0x238 /Users/liaojincheng/ti/msp430-gcc/bin/../lib/gcc/msp430-elf/9.3.1/430/libgcc.a(_addsub_sf.o)
 .text.__addsf3
                0x0000000000000000       0x4e /Users/liaojincheng/ti/msp430-gcc/bin/../lib/gcc/msp430-elf/9.3.1/430/libgcc.a(_addsub_sf.o)
 .text.__subsf3
                0x0000000000000000       0x52 /Users/liaojincheng/ti/msp430-gcc/bin/../lib/gcc/msp430-elf/9.3.1/430/libgcc.a(_addsub_sf.o)
 .comment       0x0000000000000000       0x3a /Users/liaojincheng/ti/msp430-gcc/bin/../lib/gcc/msp430-elf/9.3.1/430/libgcc.a(_addsub_sf.o)
 .text          0x0000000000000000        0x0 /Users/liaojincheng/ti/msp430-gcc/bin/../lib/gcc/msp430-elf/9.3.1/430/libgcc.a(_mul_sf.o)
 .data          0x0000000000000000        0x0 /Users/liaojincheng/ti/msp430-gcc/bin/../lib/gcc/msp430-elf/9.3.1/430/libgcc.a(_mul_sf.o)
 .bss           0x0000000000000000        0x0 /Users/liaojincheng/ti/msp430-gcc/bin/../lib/gcc/msp430-elf/9.3.1/430/libgcc.a(_mul_sf.o)
 .text.__mulsf3
                0x0000000000000000      0x25e /Users/liaojincheng/ti/msp430-gcc/bin/../lib/gcc/msp430-elf/9.3.1/430/libgcc.a(_mul_sf.o)
 .comment       0x0000000000000000       0x3a /Users/liaojincheng/ti/msp430-gcc/bin/../lib/gcc/msp430-elf/9.3.1/430/libgcc.a(_mul_sf.o)
 .text          0x0000000000000000        0x0 /Users/liaojincheng/ti/msp430-gcc/bin/../lib/gcc/msp430-elf/9.3.1/430/libgcc.a(_ge_sf.o)
 .data          0x0000000000000000        0x0 /Users/liaojincheng/ti/msp430-gcc/bin/../lib/gcc/msp430-elf/9.3.1/430/libgcc.a(_ge_sf.o)
 .bss           0x0000000000000000        0x0 /Users/liaojincheng/ti/msp430-gcc/bin/../lib/gcc/msp430-elf/9.3.1/430/libgcc.a(_ge_sf.o)
 .text.__gesf2  0x0000000000000000       0x54 /Users/liaojincheng/ti/msp430-gcc/bin/../lib/gcc/msp430-elf/9.3.1/430/libgcc.a(_ge_sf.o)
 .comment       0x0000000000000000       0x3a /Users/liaojincheng/ti/msp430-gcc/bin/../lib/gcc/msp430-elf/9.3.1/430/libgcc.a(_ge_sf.o)
 .text          0x0000000000000000        0x0 /Users/liaojincheng/ti/msp430-gcc/bin/../lib/gcc/msp430-elf/9.3.1/430/libgcc.a(_sf_to_si.o)
 .data          0x0000000000000000        0x0 /Users/liaojincheng/ti/msp430-gcc/bin/../lib/gcc/msp430-elf/9.3.1/430/libgcc.a(_sf_to_si.o)
 .bss           0x0000000000000000        0x0 /Users/liaojincheng/ti/msp430-gcc/bin/../lib/gcc/msp430-elf/9.3.1/430/libgcc.a(_sf_to_si.o)
 .text.__fixsfsi
                0x0000000000000000       0x92 /Users/liaojincheng/ti/msp430-gcc/bin/../lib/gcc/msp430-elf/9.3.1/430/libgcc.a(_sf_to_si.o)
 .comment       0x0000000000000000       0x3a /Users/liaojincheng/ti/msp430-gcc/bin/../lib/gcc/msp430-elf/9.3.1/430/libgcc.a(_sf_to_si.o)
 .text          0x0000000000000000        0x0 /Users/liaojincheng/ti/msp430-gcc/bin/../lib/gcc/msp430-elf/9.3.1/430/libgcc.a(_thenan_sf.o)
 .data          0x0000000000000000        0x0 /Users/liaojincheng/ti/msp430-gcc/bin/../lib/gcc/msp430-elf/9.3.1/430/libgcc.a(_thenan_sf.o)
 .bss           0x0000000000000000        0x0 /Users/liaojincheng/ti/msp430-gcc/bin/../lib/gcc/msp430-elf/9.3.1/430/libgcc.a(_thenan_sf.o)
 .rodata.__thenan_sf
                0x0000000000000000        0xa /Users/liaojincheng/ti/msp430-gcc/bin/../lib/gcc/msp430-elf/9.3.1/430/libgcc.a(_thenan_sf.o)
 .comment       0x0000000000000000       0x3a /Users/liaojincheng/ti/msp430-gcc/bin/../lib/gcc/msp430-elf/9.3.1/430/libgcc.a(_thenan_sf.o)
 .text          0x0000000000000000        0x0 /Users/liaojincheng/ti/msp430-gcc/bin/../lib/gcc/msp430-elf/9.3.1/430/libgcc.a(_mul_df.o)
 .data          0x0000000000000000        0x0 /Users/liaojincheng/ti/msp430-gcc/bin/../lib/gcc/msp430-elf/9.3.1/430/libgcc.a(_mul_df.o)
 .bss           0x0000000000000000        0x0 /Users/liaojincheng/ti/msp430-gcc/bin/../lib/gcc/msp430-elf/9.3.1/430/libgcc.a(_mul_df.o)
 .text          0x0000000000000000        0x0 /Users/liaojincheng/ti/msp430-gcc/bin/../lib/gcc/msp430-elf/9.3.1/430/libgcc.a(_div_df.o)
 .data          0x0000000000000000        0x0 /Users/liaojincheng/ti/msp430-gcc/bin/../lib/gcc/msp430-elf/9.3.1/430/libgcc.a(_div_df.o)
 .bss           0x0000000000000000        0x0 /Users/liaojincheng/ti/msp430-gcc/bin/../lib/gcc/msp430-elf/9.3.1/430/libgcc.a(_div_df.o)
 .text          0x0000000000000000        0x0 /Users/liaojincheng/ti/msp430-gcc/bin/../lib/gcc/msp430-elf/9.3.1/430/libgcc.a(_df_to_sf.o)
 .data          0x0000000000000000        0x0 /Users/liaojincheng/ti/msp430-gcc/bin/../lib/gcc/msp430-elf/9.3.1/430/libgcc.a(_df_to_sf.o)
 .bss           0x0000000000000000        0x0 /Users/liaojincheng/ti/msp430-gcc/bin/../lib/gcc/msp430-elf/9.3.1/430/libgcc.a(_df_to_sf.o)
 .text          0x0000000000000000        0x0 /Users/liaojincheng/ti/msp430-gcc/bin/../lib/gcc/msp430-elf/9.3.1/430/libgcc.a(_thenan_df.o)
 .data          0x0000000000000000        0x0 /Users/liaojincheng/ti/msp430-gcc/bin/../lib/gcc/msp430-elf/9.3.1/430/libgcc.a(_thenan_df.o)
 .bss           0x0000000000000000        0x0 /Users/liaojincheng/ti/msp430-gcc/bin/../lib/gcc/msp430-elf/9.3.1/430/libgcc.a(_thenan_df.o)
 .text          0x0000000000000000        0x0 /Users/liaojincheng/ti/msp430-gcc/bin/../lib/gcc/msp430-elf/9.3.1/430/libgcc.a(_usi_to_df.o)
 .data          0x0000000000000000        0x0 /Users/liaojincheng/ti/msp430-gcc/bin/../lib/gcc/msp430-elf/9.3.1/430/libgcc.a(_usi_to_df.o)
 .bss           0x0000000000000000        0x0 /Users/liaojincheng/ti/msp430-gcc/bin/../lib/gcc/msp430-elf/9.3.1/430/libgcc.a(_usi_to_df.o)
 .text          0x0000000000000000        0x0 /Users/liaojincheng/ti/msp430-gcc/bin/../lib/gcc/msp430-elf/9.3.1/430/libgcc.a(lib2divHI.o)
 .data          0x0000000000000000        0x0 /Users/liaojincheng/ti/msp430-gcc/bin/../lib/gcc/msp430-elf/9.3.1/430/libgcc.a(lib2divHI.o)
 .bss           0x0000000000000000        0x0 /Users/liaojincheng/ti/msp430-gcc/bin/../lib/gcc/msp430-elf/9.3.1/430/libgcc.a(lib2divHI.o)
 .text.__divhi3
                0x0000000000000000       0x30 /Users/liaojincheng/ti/msp430-gcc/bin/../lib/gcc/msp430-elf/9.3.1/430/libgcc.a(lib2divHI.o)
 .text.__modhi3
                0x0000000000000000       0x3e /Users/liaojincheng/ti/msp430-gcc/bin/../lib/gcc/msp430-elf/9.3.1/430/libgcc.a(lib2divHI.o)
 .text.__umodhi3
                0x0000000000000000        0x8 /Users/liaojincheng/ti/msp430-gcc/bin/../lib/gcc/msp430-elf/9.3.1/430/libgcc.a(lib2divHI.o)
 .text          0x0000000000000000        0x4 /Users/liaojincheng/ti/msp430-gcc/bin/../lib/gcc/msp430-elf/9.3.1/430/libgcc.a(lib2divSI.o)
 .data          0x0000000000000000        0x0 /Users/liaojincheng/ti/msp430-gcc/bin/../lib/gcc/msp430-elf/9.3.1/430/libgcc.a(lib2divSI.o)
 .bss           0x0000000000000000        0x0 /Users/liaojincheng/ti/msp430-gcc/bin/../lib/gcc/msp430-elf/9.3.1/430/libgcc.a(lib2divSI.o)
 .text.__divsi3
                0x0000000000000000       0x4c /Users/liaojincheng/ti/msp430-gcc/bin/../lib/gcc/msp430-elf/9.3.1/430/libgcc.a(lib2divSI.o)
 .text.__modsi3
                0x0000000000000000       0x62 /Users/liaojincheng/ti/msp430-gcc/bin/../lib/gcc/msp430-elf/9.3.1/430/libgcc.a(lib2divSI.o)
 .text.__umodsi3
                0x0000000000000000        0xe /Users/liaojincheng/ti/msp430-gcc/bin/../lib/gcc/msp430-elf/9.3.1/430/libgcc.a(lib2divSI.o)
 .data          0x0000000000000000        0x0 /Users/liaojincheng/ti/msp430-gcc/bin/../lib/gcc/msp430-elf/9.3.1/430/libgcc.a(epilogue.o)
 .bss           0x0000000000000000        0x0 /Users/liaojincheng/ti/msp430-gcc/bin/../lib/gcc/msp430-elf/9.3.1/430/libgcc.a(epilogue.o)
 .text          0x0000000000000000        0x0 /Users/liaojincheng/ti/msp430-gcc/bin/../lib/gcc/msp430-elf/9.3.1/430/libgcc.a(slli.o)
 .data          0x0000000000000000        0x0 /Users/liaojincheng/ti/msp430-gcc/bin/../lib/gcc/msp430-elf/9.3.1/430/libgcc.a(slli.o)
 .bss           0x0000000000000000        0x0 /Users/liaojincheng/ti/msp430-gcc/bin/../lib/gcc/msp430-elf/9.3.1/430/libgcc.a(slli.o)
 .text.__mspabi_slli_n
                0x0000000000000000       0x20 /Users/liaojincheng/ti/msp430-gcc/bin/../lib/gcc/msp430-elf/9.3.1/430/libgcc.a(slli.o)
 .text.__mspabi_slll_n
                0x0000000000000000       0x3e /Users/liaojincheng/ti/msp430-gcc/bin/../lib/gcc/msp430-elf/9.3.1/430/libgcc.a(slli.o)
 .text          0x0000000000000000        0x0 /Users/liaojincheng/ti/msp430-gcc/bin/../lib/gcc/msp430-elf/9.3.1/430/libgcc.a(srai.o)
 .data          0x0000000000000000        0x0 /Users/liaojincheng/ti/msp430-gcc/bin/../lib/gcc/msp430-elf/9.3.1/430/libgcc.a(srai.o)
 .bss           0x0000000000000000        0x0 /Users/liaojincheng/ti/msp430-gcc/bin/../lib/gcc/msp430-elf/9.3.1/430/libgcc.a(srai.o)
 .text.__mspabi_srai_n
                0x0000000000000000       0x20 /Users/liaojincheng/ti/msp430-gcc/bin/../lib/gcc/msp430-elf/9.3.1/430/libgcc.a(srai.o)
 .text.__mspabi_srai
                0x0000000000000000        0xa /Users/liaojincheng/ti/msp430-gcc/bin/../lib/gcc/msp430-elf/9.3.1/430/libgcc.a(srai.o)
 .text.__mspabi_sral_n
                0x0000000000000000       0x3e /Users/liaojincheng/ti/msp430-gcc/bin/../lib/gcc/msp430-elf/9.3.1/430/libgcc.a(srai.o)
 .text.__mspabi_sral
                0x0000000000000000        0xc /Users/liaojincheng/ti/msp430-gcc/bin/../lib/gcc/msp430-elf/9.3.1/430/libgcc.a(srai.o)
 .text.__mspabi_srall
                0x0000000000000000       0x1e /Users/liaojincheng/ti/msp430-gcc/bin/../lib/gcc/msp430-elf/9.3.1/430/libgcc.a(srai.o)
 .text          0x0000000000000000        0x0 /Users/liaojincheng/ti/msp430-gcc/bin/../lib/gcc/msp430-elf/9.3.1/430/libgcc.a(srli.o)
 .data          0x0000000000000000        0x0 /Users/liaojincheng/ti/msp430-gcc/bin/../lib/gcc/msp430-elf/9.3.1/430/libgcc.a(srli.o)
 .bss           0x0000000000000000        0x0 /Users/liaojincheng/ti/msp430-gcc/bin/../lib/gcc/msp430-elf/9.3.1/430/libgcc.a(srli.o)
 .text          0x0000000000000000        0x0 /Users/liaojincheng/ti/msp430-gcc/bin/../lib/gcc/msp430-elf/9.3.1/430/libgcc.a(_clzsi2.o)
 .data          0x0000000000000000        0x0 /Users/liaojincheng/ti/msp430-gcc/bin/../lib/gcc/msp430-elf/9.3.1/430/libgcc.a(_clzsi2.o)
 .bss           0x0000000000000000        0x0 /Users/liaojincheng/ti/msp430-gcc/bin/../lib/gcc/msp430-elf/9.3.1/430/libgcc.a(_clzsi2.o)
 .text          0x0000000000000000        0x0 /Users/liaojincheng/ti/msp430-gcc/bin/../lib/gcc/msp430-elf/9.3.1/430/libgcc.a(_udivdi3.o)
 .data          0x0000000000000000        0x0 /Users/liaojincheng/ti/msp430-gcc/bin/../lib/gcc/msp430-elf/9.3.1/430/libgcc.a(_udivdi3.o)
 .bss           0x0000000000000000        0x0 /Users/liaojincheng/ti/msp430-gcc/bin/../lib/gcc/msp430-elf/9.3.1/430/libgcc.a(_udivdi3.o)
 .text.__udivdi3
                0x0000000000000000      0x404 /Users/liaojincheng/ti/msp430-gcc/bin/../lib/gcc/msp430-elf/9.3.1/430/libgcc.a(_udivdi3.o)
 .text          0x0000000000000000        0x0 /Users/liaojincheng/ti/msp430-gcc/bin/../lib/gcc/msp430-elf/9.3.1/430/libgcc.a(_pack_sf.o)
 .data          0x0000000000000000        0x0 /Users/liaojincheng/ti/msp430-gcc/bin/../lib/gcc/msp430-elf/9.3.1/430/libgcc.a(_pack_sf.o)
 .bss           0x0000000000000000        0x0 /Users/liaojincheng/ti/msp430-gcc/bin/../lib/gcc/msp430-elf/9.3.1/430/libgcc.a(_pack_sf.o)
 .text          0x0000000000000000        0x0 /Users/liaojincheng/ti/msp430-gcc/bin/../lib/gcc/msp430-elf/9.3.1/430/libgcc.a(_unpack_sf.o)
 .data          0x0000000000000000        0x0 /Users/liaojincheng/ti/msp430-gcc/bin/../lib/gcc/msp430-elf/9.3.1/430/libgcc.a(_unpack_sf.o)
 .bss           0x0000000000000000        0x0 /Users/liaojincheng/ti/msp430-gcc/bin/../lib/gcc/msp430-elf/9.3.1/430/libgcc.a(_unpack_sf.o)
 .text.__unpack_f
                0x0000000000000000       0xfc /Users/liaojincheng/ti/msp430-gcc/bin/../lib/gcc/msp430-elf/9.3.1/430/libgcc.a(_unpack_sf.o)
 .comment       0x0000000000000000       0x3a /Users/liaojincheng/ti/msp430-gcc/bin/../lib/gcc/msp430-elf/9.3.1/430/libgcc.a(_unpack_sf.o)
 .text          0x0000000000000000        0x0 /Users/liaojincheng/ti/msp430-gcc/bin/../lib/gcc/msp430-elf/9.3.1/430/libgcc.a(_fpcmp_parts_sf.o)
 .data          0x0000000000000000        0x0 /Users/liaojincheng/ti/msp430-gcc/bin/../lib/gcc/msp430-elf/9.3.1/430/libgcc.a(_fpcmp_parts_sf.o)
 .bss           0x0000000000000000        0x0 /Users/liaojincheng/ti/msp430-gcc/bin/../lib/gcc/msp430-elf/9.3.1/430/libgcc.a(_fpcmp_parts_sf.o)
 .text.__fpcmp_parts_f
                0x0000000000000000       0xb4 /Users/liaojincheng/ti/msp430-gcc/bin/../lib/gcc/msp430-elf/9.3.1/430/libgcc.a(_fpcmp_parts_sf.o)
 .comment       0x0000000000000000       0x3a /Users/liaojincheng/ti/msp430-gcc/bin/../lib/gcc/msp430-elf/9.3.1/430/libgcc.a(_fpcmp_parts_sf.o)
 .text          0x0000000000000000        0x0 /Users/liaojincheng/ti/msp430-gcc/bin/../lib/gcc/msp430-elf/9.3.1/430/libgcc.a(_make_sf.o)
 .data          0x0000000000000000        0x0 /Users/liaojincheng/ti/msp430-gcc/bin/../lib/gcc/msp430-elf/9.3.1/430/libgcc.a(_make_sf.o)
 .bss           0x0000000000000000        0x0 /Users/liaojincheng/ti/msp430-gcc/bin/../lib/gcc/msp430-elf/9.3.1/430/libgcc.a(_make_sf.o)
 .text          0x0000000000000000        0x0 /Users/liaojincheng/ti/msp430-gcc/bin/../lib/gcc/msp430-elf/9.3.1/430/libgcc.a(_pack_df.o)
 .data          0x0000000000000000        0x0 /Users/liaojincheng/ti/msp430-gcc/bin/../lib/gcc/msp430-elf/9.3.1/430/libgcc.a(_pack_df.o)
 .bss           0x0000000000000000        0x0 /Users/liaojincheng/ti/msp430-gcc/bin/../lib/gcc/msp430-elf/9.3.1/430/libgcc.a(_pack_df.o)
 .text          0x0000000000000000        0x0 /Users/liaojincheng/ti/msp430-gcc/bin/../lib/gcc/msp430-elf/9.3.1/430/libgcc.a(_unpack_df.o)
 .data          0x0000000000000000        0x0 /Users/liaojincheng/ti/msp430-gcc/bin/../lib/gcc/msp430-elf/9.3.1/430/libgcc.a(_unpack_df.o)
 .bss           0x0000000000000000        0x0 /Users/liaojincheng/ti/msp430-gcc/bin/../lib/gcc/msp430-elf/9.3.1/430/libgcc.a(_unpack_df.o)
 .text          0x0000000000000000        0x0 /Users/liaojincheng/ti/msp430-gcc/bin/../lib/gcc/msp430-elf/9.3.1/430/libgcc.a(_clz.o)
 .data          0x0000000000000000        0x0 /Users/liaojincheng/ti/msp430-gcc/bin/../lib/gcc/msp430-elf/9.3.1/430/libgcc.a(_clz.o)
 .bss           0x0000000000000000        0x0 /Users/liaojincheng/ti/msp430-gcc/bin/../lib/gcc/msp430-elf/9.3.1/430/libgcc.a(_clz.o)
 .text          0x0000000000000000        0x0 /Users/liaojincheng/ti/msp430-gcc/bin/../lib/gcc/msp430-elf/9.3.1/430/libgcc.a(_clzdi2.o)
 .data          0x0000000000000000        0x0 /Users/liaojincheng/ti/msp430-gcc/bin/../lib/gcc/msp430-elf/9.3.1/430/libgcc.a(_clzdi2.o)
 .bss           0x0000000000000000        0x0 /Users/liaojincheng/ti/msp430-gcc/bin/../lib/gcc/msp430-elf/9.3.1/430/libgcc.a(_clzdi2.o)
 .text.__clzdi2
                0x0000000000000000       0x64 /Users/liaojincheng/ti/msp430-gcc/bin/../lib/gcc/msp430-elf/9.3.1/430/libgcc.a(_clzdi2.o)
 .comment       0x0000000000000000       0x3a /Users/liaojincheng/ti/msp430-gcc/bin/../lib/gcc/msp430-elf/9.3.1/430/libgcc.a(_clzdi2.o)
 .text          0x0000000000000000        0x0 /Users/liaojincheng/ti/msp430-gcc/bin/../lib/gcc/msp430-elf/9.3.1/430/libmul_none.a(lib2_mul_none.o)
 .data          0x0000000000000000        0x0 /Users/liaojincheng/ti/msp430-gcc/bin/../lib/gcc/msp430-elf/9.3.1/430/libmul_none.a(lib2_mul_none.o)
 .bss           0x0000000000000000        0x0 /Users/liaojincheng/ti/msp430-gcc/bin/../lib/gcc/msp430-elf/9.3.1/430/libmul_none.a(lib2_mul_none.o)
 .text.__muldi3
                0x0000000000000000       0xe4 /Users/liaojincheng/ti/msp430-gcc/bin/../lib/gcc/msp430-elf/9.3.1/430/libmul_none.a(lib2_mul_none.o)
 .text          0x0000000000000000        0x0 /Users/liaojincheng/ti/msp430-gcc/bin/../lib/gcc/msp430-elf/9.3.1/../../../../msp430-elf/lib/430/libc.a(lib_a-memcpy.o)
 .data          0x0000000000000000        0x0 /Users/liaojincheng/ti/msp430-gcc/bin/../lib/gcc/msp430-elf/9.3.1/../../../../msp430-elf/lib/430/libc.a(lib_a-memcpy.o)
 .bss           0x0000000000000000        0x0 /Users/liaojincheng/ti/msp430-gcc/bin/../lib/gcc/msp430-elf/9.3.1/../../../../msp430-elf/lib/430/libc.a(lib_a-memcpy.o)
 .text.memcpy   0x0000000000000000       0x14 /Users/liaojincheng/ti/msp430-gcc/bin/../lib/gcc/msp430-elf/9.3.1/../../../../msp430-elf/lib/430/libc.a(lib_a-memcpy.o)
 .comment       0x0000000000000000       0x3a /Users/liaojincheng/ti/msp430-gcc/bin/../lib/gcc/msp430-elf/9.3.1/../../../../msp430-elf/lib/430/libc.a(lib_a-memcpy.o)
 .text          0x0000000000000000        0x0 /Users/liaojincheng/ti/msp430-gcc/bin/../lib/gcc/msp430-elf/9.3.1/../../../../msp430-elf/lib/430/libcrt.a(crt_bss.o)
 .data          0x0000000000000000        0x0 /Users/liaojincheng/ti/msp430-gcc/bin/../lib/gcc/msp430-elf/9.3.1/../../../../msp430-elf/lib/430/libcrt.a(crt_bss.o)
 .bss           0x0000000000000000        0x0 /Users/liaojincheng/ti/msp430-gcc/bin/../lib/gcc/msp430-elf/9.3.1/../../../../msp430-elf/lib/430/libcrt.a(crt_bss.o)
 .text          0x0000000000000000        0x0 /Users/liaojincheng/ti/msp430-gcc/bin/../lib/gcc/msp430-elf/9.3.1/../../../../msp430-elf/lib/430/libcrt.a(crt_movedata.o)
 .data          0x0000000000000000        0x0 /Users/liaojincheng/ti/msp430-gcc/bin/../lib/gcc/msp430-elf/9.3.1/../../../../msp430-elf/lib/430/libcrt.a(crt_movedata.o)
 .bss           0x0000000000000000        0x0 /Users/liaojincheng/ti/msp430-gcc/bin/../lib/gcc/msp430-elf/9.3.1/../../../../msp430-elf/lib/430/libcrt.a(crt_movedata.o)
 .text          0x0000000000000000        0x0 /Users/liaojincheng/ti/msp430-gcc/bin/../lib/gcc/msp430-elf/9.3.1/../../../../msp430-elf/lib/430/libcrt.a(crt_main.o)
 .data          0x0000000000000000        0x0 /Users/liaojincheng/ti/msp430-gcc/bin/../lib/gcc/msp430-elf/9.3.1/../../../../msp430-elf/lib/430/libcrt.a(crt_main.o)
 .bss           0x0000000000000000        0x0 /Users/liaojincheng/ti/msp430-gcc/bin/../lib/gcc/msp430-elf/9.3.1/../../../../msp430-elf/lib/430/libcrt.a(crt_main.o)
 .text          0x0000000000000000        0x0 /Users/liaojincheng/ti/msp430-gcc/bin/../lib/gcc/msp430-elf/9.3.1/../../../../msp430-elf/lib/430/libc.a(lib_a-memmove.o)
 .data          0x0000000000000000        0x0 /Users/liaojincheng/ti/msp430-gcc/bin/../lib/gcc/msp430-elf/9.3.1/../../../../msp430-elf/lib/430/libc.a(lib_a-memmove.o)
 .bss           0x0000000000000000        0x0 /Users/liaojincheng/ti/msp430-gcc/bin/../lib/gcc/msp430-elf/9.3.1/../../../../msp430-elf/lib/430/libc.a(lib_a-memmove.o)
 .text          0x0000000000000000        0x0 /Users/liaojincheng/ti/msp430-gcc/bin/../lib/gcc/msp430-elf/9.3.1/../../../../msp430-elf/lib/430/libc.a(lib_a-memset.o)
 .data          0x0000000000000000        0x0 /Users/liaojincheng/ti/msp430-gcc/bin/../lib/gcc/msp430-elf/9.3.1/../../../../msp430-elf/lib/430/libc.a(lib_a-memset.o)
 .bss           0x0000000000000000        0x0 /Users/liaojincheng/ti/msp430-gcc/bin/../lib/gcc/msp430-elf/9.3.1/../../../../msp430-elf/lib/430/libc.a(lib_a-memset.o)
 .text          0x0000000000000000        0x0 /Users/liaojincheng/ti/msp430-gcc/bin/../lib/gcc/msp430-elf/9.3.1/430/crtend_no_eh.o
 .data          0x0000000000000000        0x0 /Users/liaojincheng/ti/msp430-gcc/bin/../lib/gcc/msp430-elf/9.3.1/430/crtend_no_eh.o
 .bss           0x0000000000000000        0x0 /Users/liaojincheng/ti/msp430-gcc/bin/../lib/gcc/msp430-elf/9.3.1/430/crtend_no_eh.o
 .comment       0x0000000000000000       0x3a /Users/liaojincheng/ti/msp430-gcc/bin/../lib/gcc/msp430-elf/9.3.1/430/crtend_no_eh.o

Memory Configuration

Name             Origin             Length             Attributes
SFR              0x0000000000000000 0x0000000000000010
RAM              0x0000000000000200 0x0000000000000200
INFOMEM          0x0000000000001000 0x0000000000000100
INFOA            0x00000000000010c0 0x0000000000000040
INFOB            0x0000000000001080 0x0000000000000040
INFOC            0x0000000000001040 0x0000000000000040
INFOD            0x0000000000001000 0x0000000000000040
ROM              0x000000000000c000 0x0000000000003fde xr
BSLSIGNATURE     0x000000000000ffde 0x0000000000000002
VECT1            0x000000000000ffe0 0x0000000000000002
VECT2            0x000000000000ffe2 0x0000000000000002
VECT3            0x000000000000ffe4 0x0000000000000002
VECT4            0x000000000000ffe6 0x0000000000000002
VECT5            0x000000000000ffe8 0x0000000000000002
VECT6            0x000000000000ffea 0x0000000000000002
VECT7            0x000000000000ffec 0x0000000000000002
VECT8            0x000000000000ffee 0x0000000000000002
VECT9            0x000000000000fff0 0x0000000000000002
VECT10           0x000000000000fff2 0x0000000000000002
VECT11           0x000000000000fff4 0x0000000000000002
VECT12           0x000000000000fff6 0x0000000000000002
VECT13           0x000000000000fff8 0x0000000000000002
VECT14           0x000000000000fffa 0x0000000000000002
VECT15           0x000000000000fffc 0x0000000000000002
RESETVEC         0x000000000000fffe 0x0000000000000002
*default*        0x0000000000000000 0xffffffffffffffff

Linker script and memory map

LOAD /Users/liaojincheng/ti/msp430-gcc/bin/../lib/gcc/msp430-elf/9.3.1/../../../../msp430-elf/lib/430/crt0.o
LOAD /Users/liaojincheng/ti/msp430-gcc/bin/../lib/gcc/msp430-elf/9.3.1/430/crtbegin_no_eh.o
LOAD CMakeFiles/example.dir/Core/Src/HT1621.c.o
LOAD CMakeFiles/example.dir/Core/Src/LCD_128.c.o
LOAD CMakeFiles/example.dir/Core/Src/TCA6416A.c.o
LOAD CMakeFiles/example.dir/Core/Src/USCI_I2C.c.o
LOAD CMakeFiles/example.dir/Core/Src/bsp_ADC10.c.o
LOAD CMakeFiles/example.dir/Core/Src/bsp_Clock.c.o
LOAD CMakeFiles/example.dir/Core/Src/bsp_GPIO.c.o
LOAD CMakeFiles/example.dir/Core/Src/bsp_Key.c.o
LOAD CMakeFiles/example.dir/Core/Src/bsp_pwm.c.o
LOAD CMakeFiles/example.dir/Core/Src/bsp_usart.c.o
LOAD CMakeFiles/example.dir/Core/Src/main.c.o
LOAD CMakeFiles/example.dir/Core/Src/msp430_it.c.o
LOAD CMakeFiles/example.dir/Device/Src/msp430_adc10.c.o
LOAD CMakeFiles/example.dir/Device/Src/msp430_gpio.c.o
LOAD CMakeFiles/example.dir/Device/Src/msp430_timer_a.c.o
LOAD /Users/liaojincheng/ti/msp430-gcc/bin/../lib/gcc/msp430-elf/9.3.1/430/libgcc.a
START GROUP
LOAD /Users/liaojincheng/ti/msp430-gcc/bin/../lib/gcc/msp430-elf/9.3.1/430/libmul_none.a
LOAD /Users/liaojincheng/ti/msp430-gcc/bin/../lib/gcc/msp430-elf/9.3.1/../../../../msp430-elf/lib/430/libc.a
LOAD /Users/liaojincheng/ti/msp430-gcc/bin/../lib/gcc/msp430-elf/9.3.1/430/libgcc.a
LOAD /Users/liaojincheng/ti/msp430-gcc/bin/../lib/gcc/msp430-elf/9.3.1/../../../../msp430-elf/lib/430/libcrt.a
LOAD /Users/liaojincheng/ti/msp430-gcc/bin/../lib/gcc/msp430-elf/9.3.1/../../../../msp430-elf/lib/430/libnosys.a
END GROUP

.bslsignature

__interrupt_vector_1
 *(__interrupt_vector_1)
 *(__interrupt_vector_trapint)

__interrupt_vector_2
 *(__interrupt_vector_2)

__interrupt_vector_3
 *(__interrupt_vector_3)
 *(__interrupt_vector_port1)

__interrupt_vector_4
 *(__interrupt_vector_4)
 *(__interrupt_vector_port2)

__interrupt_vector_5
 *(__interrupt_vector_5)

__interrupt_vector_6
                0x000000000000ffea        0x2
 *(__interrupt_vector_6)
 __interrupt_vector_6
                0x000000000000ffea        0x2 CMakeFiles/example.dir/Core/Src/main.c.o
 *(__interrupt_vector_adc10)

__interrupt_vector_7
                0x000000000000ffec        0x2
 *(__interrupt_vector_7)
 __interrupt_vector_7
                0x000000000000ffec        0x2 CMakeFiles/example.dir/Core/Src/USCI_I2C.c.o
 *(__interrupt_vector_usciab0tx)

__interrupt_vector_8
 *(__interrupt_vector_8)
 *(__interrupt_vector_usciab0rx)

__interrupt_vector_9
 *(__interrupt_vector_9)
 *(__interrupt_vector_timer0_a1)

__interrupt_vector_10
 *(__interrupt_vector_10)
 *(__interrupt_vector_timer0_a0)

__interrupt_vector_11
 *(__interrupt_vector_11)
 *(__interrupt_vector_wdt)

__interrupt_vector_12
 *(__interrupt_vector_12)
 *(__interrupt_vector_comparatora)

__interrupt_vector_13
 *(__interrupt_vector_13)
 *(__interrupt_vector_timer1_a1)

__interrupt_vector_14
 *(__interrupt_vector_14)
 *(__interrupt_vector_timer1_a0)

__interrupt_vector_15
 *(__interrupt_vector_15)
 *(__interrupt_vector_nmi)

__reset_vector  0x000000000000fffe        0x2
 *(__interrupt_vector_16)
 *(__interrupt_vector_reset)
 *(.resetvec)
 .resetvec      0x000000000000fffe        0x2 /Users/liaojincheng/ti/msp430-gcc/bin/../lib/gcc/msp430-elf/9.3.1/../../../../msp430-elf/lib/430/crt0.o

.rodata         0x000000000000c000      0x10e
                0x000000000000c000                . = ALIGN (0x2)
 *(.plt)
 *(.rodata .rodata.* .gnu.linkonce.r.* .const .const:*)
 .rodata.__thenan_df
                0x000000000000c000        0xe /Users/liaojincheng/ti/msp430-gcc/bin/../lib/gcc/msp430-elf/9.3.1/430/libgcc.a(_thenan_df.o)
                0x000000000000c000                __thenan_df
 .rodata.__clz_tab
                0x000000000000c00e      0x100 /Users/liaojincheng/ti/msp430-gcc/bin/../lib/gcc/msp430-elf/9.3.1/430/libgcc.a(_clz.o)
                0x000000000000c00e                __clz_tab
 *(.rodata1)
 *(.gcc_except_table)
 *(.gcc_except_table.*)

.rodata2        0x000000000000c10e       0x6e
                0x000000000000c10e                . = ALIGN (0x2)
                [!provide]                        PROVIDE (__preinit_array_start = .)
 *(.preinit_array)
                [!provide]                        PROVIDE (__preinit_array_end = .)
                0x000000000000c10e                . = ALIGN (0x2)
                [!provide]                        PROVIDE (__init_array_start = .)
 *(SORT_BY_NAME(.init_array.*))
 *(.init_array)
                [!provide]                        PROVIDE (__init_array_end = .)
                0x000000000000c10e                . = ALIGN (0x2)
                [!provide]                        PROVIDE (__fini_array_start = .)
 *(.fini_array)
 *(SORT_BY_NAME(.fini_array.*))
                [!provide]                        PROVIDE (__fini_array_end = .)
                0x000000000000c10e                . = ALIGN (0x2)
 *(.eh_frame_hdr)
 *(.eh_frame)
 .eh_frame      0x000000000000c10e       0x6e /Users/liaojincheng/ti/msp430-gcc/bin/../lib/gcc/msp430-elf/9.3.1/430/libgcc.a(_udivdi3.o)
 *crtbegin*.o(.ctors)
 *(EXCLUDE_FILE(*crtend*.o) .ctors)
 *(SORT_BY_NAME(.ctors.*))
 *(.ctors)
 *crtbegin*.o(.dtors)
 *(EXCLUDE_FILE(*crtend*.o) .dtors)
 *(SORT_BY_NAME(.dtors.*))
 *(.dtors)

.text           0x000000000000c17c     0x252a
                0x000000000000c17c                . = ALIGN (0x2)
                0x000000000000c17c                PROVIDE (_start = .)
 *(SORT_BY_NAME(.crt_*))
 .crt_0000start
                0x000000000000c17c        0x4 /Users/liaojincheng/ti/msp430-gcc/bin/../lib/gcc/msp430-elf/9.3.1/../../../../msp430-elf/lib/430/crt0.o
                0x000000000000c17c                __crt0_start
 .crt_0100init_bss
                0x000000000000c180        0xe /Users/liaojincheng/ti/msp430-gcc/bin/../lib/gcc/msp430-elf/9.3.1/../../../../msp430-elf/lib/430/libcrt.a(crt_bss.o)
                0x000000000000c180                __crt0_init_bss
 .crt_0300movedata
                0x000000000000c18e       0x14 /Users/liaojincheng/ti/msp430-gcc/bin/../lib/gcc/msp430-elf/9.3.1/../../../../msp430-elf/lib/430/libcrt.a(crt_movedata.o)
                0x000000000000c18e                __crt0_movedata
 .crt_0800call_main
                0x000000000000c1a2        0x6 /Users/liaojincheng/ti/msp430-gcc/bin/../lib/gcc/msp430-elf/9.3.1/../../../../msp430-elf/lib/430/libcrt.a(crt_main.o)
                0x000000000000c1a2                __crt0_call_main
 *(.lowtext .text .stub .text.* .gnu.linkonce.t.* .text:*)
 .text          0x000000000000c1a8      0x250 CMakeFiles/example.dir/Core/Src/USCI_I2C.c.o
                0x000000000000c1a8                I2C_Init
                0x000000000000c20a                I2C_Tx_Init
                0x000000000000c24a                I2C_Rx_Init
                0x000000000000c28a                I2C_TxFrame
                0x000000000000c2d2                I2C_RxFrame
                0x000000000000c328                USCIAB0TX_ISR
                0x000000000000c36e                I2C_TxFrame_ISR
                0x000000000000c3ba                I2C_RxFrame_ISR
 .text          0x000000000000c3f8       0x3c CMakeFiles/example.dir/Core/Src/bsp_Clock.c.o
                0x000000000000c3f8                bsp_Clock_Init
 .text          0x000000000000c434       0x20 CMakeFiles/example.dir/Core/Src/bsp_GPIO.c.o
                0x000000000000c434                bsp_GPIO_Init
 .text          0x000000000000c454      0x198 CMakeFiles/example.dir/Core/Src/main.c.o
                0x000000000000c454                main
                0x000000000000c4c2                ADC10_ISR_HOOK
 .text          0x000000000000c5ec       0xfa CMakeFiles/example.dir/Device/Src/msp430_adc10.c.o
                0x000000000000c5ec                ADC10_Init
                0x000000000000c648                ADC10_DTC_Init
 *fill*         0x000000000000c6e6        0x2 
 .text          0x000000000000c6e8      0xeae CMakeFiles/example.dir/Device/Src/msp430_timer_a.c.o
                0x000000000000c6e8                TA0_PWM_Init
                0x000000000000cade                TA0_PWM_SetPeriod
                0x000000000000caee                TA0_PWM_SetPermill
                0x000000000000cd1a                TA1_PWM_Init
                0x000000000000d11e                TA1_PWM_SetPeriod
                0x000000000000d12e                TA1_PWM_SetPermill
                0x000000000000d32e                TA0_CallBack_Init
                0x000000000000d462                TA1_CallBack_Init
 .text.__muldf3
                0x000000000000d596      0x510 /Users/liaojincheng/ti/msp430-gcc/bin/../lib/gcc/msp430-elf/9.3.1/430/libgcc.a(_mul_df.o)
                0x000000000000d596                __mspabi_mpyd
 .text.__divdf3
                0x000000000000daa6      0x2de /Users/liaojincheng/ti/msp430-gcc/bin/../lib/gcc/msp430-elf/9.3.1/430/libgcc.a(_div_df.o)
                0x000000000000daa6                __mspabi_divd
 .text.__truncdfsf2
                0x000000000000dd84       0x6a /Users/liaojincheng/ti/msp430-gcc/bin/../lib/gcc/msp430-elf/9.3.1/430/libgcc.a(_df_to_sf.o)
                0x000000000000dd84                __mspabi_cvtdf
 .text.__floatunsidf
                0x000000000000ddee       0x64 /Users/liaojincheng/ti/msp430-gcc/bin/../lib/gcc/msp430-elf/9.3.1/430/libgcc.a(_usi_to_df.o)
                0x000000000000ddee                __mspabi_fltuld
 .text.udivmodhi4
                0x000000000000de52       0x3c /Users/liaojincheng/ti/msp430-gcc/bin/../lib/gcc/msp430-elf/9.3.1/430/libgcc.a(lib2divHI.o)
                0x000000000000de52                udivmodhi4
 .text.__udivhi3
                0x000000000000de8e        0x8 /Users/liaojincheng/ti/msp430-gcc/bin/../lib/gcc/msp430-elf/9.3.1/430/libgcc.a(lib2divHI.o)
                0x000000000000de8e                __mspabi_divu
 .text.udivmodsi4
                0x000000000000de96       0x86 /Users/liaojincheng/ti/msp430-gcc/bin/../lib/gcc/msp430-elf/9.3.1/430/libgcc.a(lib2divSI.o)
                0x000000000000de96                udivmodsi4
 .text.__udivsi3
                0x000000000000df1c        0xe /Users/liaojincheng/ti/msp430-gcc/bin/../lib/gcc/msp430-elf/9.3.1/430/libgcc.a(lib2divSI.o)
                0x000000000000df1c                __mspabi_divul
                0x000000000000df1c                __mspabi_divlu
 .text          0x000000000000df2a       0x10 /Users/liaojincheng/ti/msp430-gcc/bin/../lib/gcc/msp430-elf/9.3.1/430/libgcc.a(epilogue.o)
                0x000000000000df2a                __mspabi_func_epilog_7
                0x000000000000df2c                __mspabi_func_epilog_6
                0x000000000000df2e                __mspabi_func_epilog_5
                0x000000000000df30                __mspabi_func_epilog_4
                0x000000000000df32                __mspabi_func_epilog_3
                0x000000000000df34                __mspabi_func_epilog_2
                0x000000000000df36                __mspabi_func_epilog_1
 .text.__mspabi_slli
                0x000000000000df3a        0xa /Users/liaojincheng/ti/msp430-gcc/bin/../lib/gcc/msp430-elf/9.3.1/430/libgcc.a(slli.o)
                0x000000000000df3e                __mspabi_slli
 .text.__mspabi_slll
                0x000000000000df44        0xc /Users/liaojincheng/ti/msp430-gcc/bin/../lib/gcc/msp430-elf/9.3.1/430/libgcc.a(slli.o)
                0x000000000000df4a                __mspabi_slll
 .text.__mspabi_sllll
                0x000000000000df50       0x1e /Users/liaojincheng/ti/msp430-gcc/bin/../lib/gcc/msp430-elf/9.3.1/430/libgcc.a(slli.o)
                0x000000000000df50                __mspabi_sllll
 .text.__mspabi_srli_n
                0x000000000000df6e       0x3e /Users/liaojincheng/ti/msp430-gcc/bin/../lib/gcc/msp430-elf/9.3.1/430/libgcc.a(srli.o)
                0x000000000000df6e                __mspabi_srli_15
                0x000000000000df72                __mspabi_srli_14
                0x000000000000df76                __mspabi_srli_13
                0x000000000000df7a                __mspabi_srli_12
                0x000000000000df7e                __mspabi_srli_11
                0x000000000000df82                __mspabi_srli_10
                0x000000000000df86                __mspabi_srli_9
                0x000000000000df8a                __mspabi_srli_8
                0x000000000000df8e                __mspabi_srli_7
                0x000000000000df92                __mspabi_srli_6
                0x000000000000df96                __mspabi_srli_5
                0x000000000000df9a                __mspabi_srli_4
                0x000000000000df9e                __mspabi_srli_3
                0x000000000000dfa2                __mspabi_srli_2
                0x000000000000dfa6                __mspabi_srli_1
 .text.__mspabi_srli
                0x000000000000dfac        0xc /Users/liaojincheng/ti/msp430-gcc/bin/../lib/gcc/msp430-elf/9.3.1/430/libgcc.a(srli.o)
                0x000000000000dfb2                __mspabi_srli
 .text.__mspabi_srll_n
                0x000000000000dfb8       0x5c /Users/liaojincheng/ti/msp430-gcc/bin/../lib/gcc/msp430-elf/9.3.1/430/libgcc.a(srli.o)
                0x000000000000dfb8                __mspabi_srll_15
                0x000000000000dfbe                __mspabi_srll_14
                0x000000000000dfc4                __mspabi_srll_13
                0x000000000000dfca                __mspabi_srll_12
                0x000000000000dfd0                __mspabi_srll_11
                0x000000000000dfd6                __mspabi_srll_10
                0x000000000000dfdc                __mspabi_srll_9
                0x000000000000dfe2                __mspabi_srll_8
                0x000000000000dfe8                __mspabi_srll_7
                0x000000000000dfee                __mspabi_srll_6
                0x000000000000dff4                __mspabi_srll_5
                0x000000000000dffa                __mspabi_srll_4
                0x000000000000e000                __mspabi_srll_3
                0x000000000000e006                __mspabi_srll_2
                0x000000000000e00c                __mspabi_srll_1
 .text.__mspabi_srll
                0x000000000000e014        0xe /Users/liaojincheng/ti/msp430-gcc/bin/../lib/gcc/msp430-elf/9.3.1/430/libgcc.a(srli.o)
                0x000000000000e01c                __mspabi_srll
 .text.__mspabi_srlll
                0x000000000000e022       0x20 /Users/liaojincheng/ti/msp430-gcc/bin/../lib/gcc/msp430-elf/9.3.1/430/libgcc.a(srli.o)
                0x000000000000e022                __mspabi_srlll
 .text.__clzsi2
                0x000000000000e042       0x48 /Users/liaojincheng/ti/msp430-gcc/bin/../lib/gcc/msp430-elf/9.3.1/430/libgcc.a(_clzsi2.o)
                0x000000000000e042                __clzsi2
 .text.__pack_f
                0x000000000000e08a      0x160 /Users/liaojincheng/ti/msp430-gcc/bin/../lib/gcc/msp430-elf/9.3.1/430/libgcc.a(_pack_sf.o)
                0x000000000000e08a                __pack_f
 .text.__make_fp
                0x000000000000e1ea       0x3a /Users/liaojincheng/ti/msp430-gcc/bin/../lib/gcc/msp430-elf/9.3.1/430/libgcc.a(_make_sf.o)
                0x000000000000e1ea                __make_fp
 .text.__pack_d
                0x000000000000e224      0x27a /Users/liaojincheng/ti/msp430-gcc/bin/../lib/gcc/msp430-elf/9.3.1/430/libgcc.a(_pack_df.o)
                0x000000000000e224                __pack_d
 .text.__unpack_d
                0x000000000000e49e      0x16c /Users/liaojincheng/ti/msp430-gcc/bin/../lib/gcc/msp430-elf/9.3.1/430/libgcc.a(_unpack_df.o)
                0x000000000000e49e                __unpack_d
 .text.__mulsi3
                0x000000000000e60a       0x4c /Users/liaojincheng/ti/msp430-gcc/bin/../lib/gcc/msp430-elf/9.3.1/430/libmul_none.a(lib2_mul_none.o)
                0x000000000000e60a                __mspabi_mpyl
 .text.memmove  0x000000000000e656       0x3e /Users/liaojincheng/ti/msp430-gcc/bin/../lib/gcc/msp430-elf/9.3.1/../../../../msp430-elf/lib/430/libc.a(lib_a-memmove.o)
                0x000000000000e656                memmove
 .text.memset   0x000000000000e694       0x12 /Users/liaojincheng/ti/msp430-gcc/bin/../lib/gcc/msp430-elf/9.3.1/../../../../msp430-elf/lib/430/libc.a(lib_a-memset.o)
                0x000000000000e694                memset
 *(.text.*personality*)
 *(.gnu.warning)
 *(.interp .hash .dynsym .dynstr .gnu.version*)
                [!provide]                        PROVIDE (__etext = .)
                [!provide]                        PROVIDE (_etext = .)
                [!provide]                        PROVIDE (etext = .)
                0x000000000000e6a6                . = ALIGN (0x2)
 *(.init)
 *(.fini)
 *(.tm_clone_table)

.data           0x0000000000000200        0x0 load address 0x000000000000e6a6
                0x0000000000000200                . = ALIGN (0x2)
                0x0000000000000200                PROVIDE (__datastart = .)
 *(.jcr)
 *(.data.rel.ro.local)
 *(.data.rel.ro*)
 *(.dynamic)
 *(.data .data.* .gnu.linkonce.d.*)
 *(.gnu.linkonce.d.*personality*)
 *(.data1)
 *(.got.plt)
 *(.got)
                0x0000000000000200                . = ALIGN (0x2)
 *(.sdata .sdata.* .gnu.linkonce.s.* D_2 D_1)
                0x0000000000000200                . = ALIGN (0x2)
                0x0000000000000200                _edata = .
                [!provide]                        PROVIDE (edata = .)
                [!provide]                        PROVIDE (__dataend = .)
                0x000000000000e6a6                PROVIDE (__romdatastart = LOADADDR (.data))
                0x0000000000000000                PROVIDE (__romdatacopysize = SIZEOF (.data))

.bss            0x0000000000000200      0x132 load address 0x000000000000e6a6
                0x0000000000000200                . = ALIGN (0x2)
                0x0000000000000200                PROVIDE (__bssstart = .)
 *(.dynbss)
 *(.sbss .sbss.*)
 *(.bss .bss.* .gnu.linkonce.b.*)
 .bss           0x0000000000000200        0x8 CMakeFiles/example.dir/Core/Src/USCI_I2C.c.o
                0x0000000000000200                I2C_State
 .bss           0x0000000000000208      0x12a CMakeFiles/example.dir/Core/Src/main.c.o
                0x0000000000000208                timestamp
                0x000000000000020c                capvalue_1
                0x000000000000020e                capvalue_2
                0x0000000000000210                timestamp_1
                0x0000000000000214                timestamp_2
                0x0000000000000218                totaltime
                0x000000000000021c                freq
                0x0000000000000220                adc_data
                0x0000000000000320                temp
                0x0000000000000324                IntDegF
                0x0000000000000328                IntDegC
                0x0000000000000332                . = ALIGN (0x2)
 *(COMMON)
                [!provide]                        PROVIDE (__bssend = .)
                0x0000000000000132                PROVIDE (__bsssize = SIZEOF (.bss))

.noinit         0x0000000000000332        0x0 load address 0x000000000000e6a6
                0x0000000000000332                . = ALIGN (0x2)
                [!provide]                        PROVIDE (__noinit_start = .)
 *(.noinit)
                0x0000000000000332                . = ALIGN (0x2)
                [!provide]                        PROVIDE (__noinit_end = .)
                0x0000000000000332                end = .

.heap           0x0000000000000332        0x4 load address 0x000000000000e6a6
                0x0000000000000332                . = ALIGN (0x2)
                0x0000000000000332                __heap_start__ = .
                0x0000000000000332                _end = __heap_start__
                [!provide]                        PROVIDE (end = .)
 *(.heap)
                0x0000000000000332                _end = .
                [!provide]                        PROVIDE (end = .)
                0x0000000000000332        0x4 LONG 0x0
                0x0000000000000336                __heap_end__ = .
                0x0000000000000336                __HeapLimit = __heap_end__

.stack          0x0000000000000400        0x0
                0x0000000000000400                PROVIDE (__stack = .)
 *(.stack)

.infoA

.infoB

.infoC

.infoD

.MSP430.attributes
                0x0000000000000000       0x17
 *(.MSP430.attributes)
 .MSP430.attributes
                0x0000000000000000       0x17 /Users/liaojincheng/ti/msp430-gcc/bin/../lib/gcc/msp430-elf/9.3.1/../../../../msp430-elf/lib/430/crt0.o
 .MSP430.attributes
                0x0000000000000017       0x17 /Users/liaojincheng/ti/msp430-gcc/bin/../lib/gcc/msp430-elf/9.3.1/430/crtbegin_no_eh.o
 .MSP430.attributes
                0x000000000000002e       0x17 CMakeFiles/example.dir/Core/Src/HT1621.c.o
 .MSP430.attributes
                0x0000000000000045       0x17 CMakeFiles/example.dir/Core/Src/LCD_128.c.o
 .MSP430.attributes
                0x000000000000005c       0x17 CMakeFiles/example.dir/Core/Src/TCA6416A.c.o
 .MSP430.attributes
                0x0000000000000073       0x17 CMakeFiles/example.dir/Core/Src/USCI_I2C.c.o
 .MSP430.attributes
                0x000000000000008a       0x17 CMakeFiles/example.dir/Core/Src/bsp_ADC10.c.o
 .MSP430.attributes
                0x00000000000000a1       0x17 CMakeFiles/example.dir/Core/Src/bsp_Clock.c.o
 .MSP430.attributes
                0x00000000000000b8       0x17 CMakeFiles/example.dir/Core/Src/bsp_GPIO.c.o
 .MSP430.attributes
                0x00000000000000cf       0x17 CMakeFiles/example.dir/Core/Src/bsp_Key.c.o
 .MSP430.attributes
                0x00000000000000e6       0x17 CMakeFiles/example.dir/Core/Src/bsp_pwm.c.o
 .MSP430.attributes
                0x00000000000000fd       0x17 CMakeFiles/example.dir/Core/Src/bsp_usart.c.o
 .MSP430.attributes
                0x0000000000000114       0x17 CMakeFiles/example.dir/Core/Src/main.c.o
 .MSP430.attributes
                0x000000000000012b       0x17 CMakeFiles/example.dir/Core/Src/msp430_it.c.o
 .MSP430.attributes
                0x0000000000000142       0x17 CMakeFiles/example.dir/Device/Src/msp430_adc10.c.o
 .MSP430.attributes
                0x0000000000000159       0x17 CMakeFiles/example.dir/Device/Src/msp430_gpio.c.o
 .MSP430.attributes
                0x0000000000000170       0x17 CMakeFiles/example.dir/Device/Src/msp430_timer_a.c.o
 .MSP430.attributes
                0x0000000000000187       0x17 /Users/liaojincheng/ti/msp430-gcc/bin/../lib/gcc/msp430-elf/9.3.1/430/libgcc.a(_fixunssfsi.o)
 .MSP430.attributes
                0x000000000000019e       0x17 /Users/liaojincheng/ti/msp430-gcc/bin/../lib/gcc/msp430-elf/9.3.1/430/libgcc.a(_addsub_sf.o)
 .MSP430.attributes
                0x00000000000001b5       0x17 /Users/liaojincheng/ti/msp430-gcc/bin/../lib/gcc/msp430-elf/9.3.1/430/libgcc.a(_mul_sf.o)
 .MSP430.attributes
                0x00000000000001cc       0x17 /Users/liaojincheng/ti/msp430-gcc/bin/../lib/gcc/msp430-elf/9.3.1/430/libgcc.a(_ge_sf.o)
 .MSP430.attributes
                0x00000000000001e3       0x17 /Users/liaojincheng/ti/msp430-gcc/bin/../lib/gcc/msp430-elf/9.3.1/430/libgcc.a(_sf_to_si.o)
 .MSP430.attributes
                0x00000000000001fa       0x17 /Users/liaojincheng/ti/msp430-gcc/bin/../lib/gcc/msp430-elf/9.3.1/430/libgcc.a(_thenan_sf.o)
 .MSP430.attributes
                0x0000000000000211       0x17 /Users/liaojincheng/ti/msp430-gcc/bin/../lib/gcc/msp430-elf/9.3.1/430/libgcc.a(_mul_df.o)
 .MSP430.attributes
                0x0000000000000228       0x17 /Users/liaojincheng/ti/msp430-gcc/bin/../lib/gcc/msp430-elf/9.3.1/430/libgcc.a(_div_df.o)
 .MSP430.attributes
                0x000000000000023f       0x17 /Users/liaojincheng/ti/msp430-gcc/bin/../lib/gcc/msp430-elf/9.3.1/430/libgcc.a(_df_to_sf.o)
 .MSP430.attributes
                0x0000000000000256       0x17 /Users/liaojincheng/ti/msp430-gcc/bin/../lib/gcc/msp430-elf/9.3.1/430/libgcc.a(_thenan_df.o)
 .MSP430.attributes
                0x000000000000026d       0x17 /Users/liaojincheng/ti/msp430-gcc/bin/../lib/gcc/msp430-elf/9.3.1/430/libgcc.a(_usi_to_df.o)
 .MSP430.attributes
                0x0000000000000284       0x17 /Users/liaojincheng/ti/msp430-gcc/bin/../lib/gcc/msp430-elf/9.3.1/430/libgcc.a(lib2divHI.o)
 .MSP430.attributes
                0x000000000000029b       0x17 /Users/liaojincheng/ti/msp430-gcc/bin/../lib/gcc/msp430-elf/9.3.1/430/libgcc.a(lib2divSI.o)
 .MSP430.attributes
                0x00000000000002b2       0x17 /Users/liaojincheng/ti/msp430-gcc/bin/../lib/gcc/msp430-elf/9.3.1/430/libgcc.a(epilogue.o)
 .MSP430.attributes
                0x00000000000002c9       0x17 /Users/liaojincheng/ti/msp430-gcc/bin/../lib/gcc/msp430-elf/9.3.1/430/libgcc.a(slli.o)
 .MSP430.attributes
                0x00000000000002e0       0x17 /Users/liaojincheng/ti/msp430-gcc/bin/../lib/gcc/msp430-elf/9.3.1/430/libgcc.a(srai.o)
 .MSP430.attributes
                0x00000000000002f7       0x17 /Users/liaojincheng/ti/msp430-gcc/bin/../lib/gcc/msp430-elf/9.3.1/430/libgcc.a(srli.o)
 .MSP430.attributes
                0x000000000000030e       0x17 /Users/liaojincheng/ti/msp430-gcc/bin/../lib/gcc/msp430-elf/9.3.1/430/libgcc.a(_clzsi2.o)
 .MSP430.attributes
                0x0000000000000325       0x17 /Users/liaojincheng/ti/msp430-gcc/bin/../lib/gcc/msp430-elf/9.3.1/430/libgcc.a(_udivdi3.o)
 .MSP430.attributes
                0x000000000000033c       0x17 /Users/liaojincheng/ti/msp430-gcc/bin/../lib/gcc/msp430-elf/9.3.1/430/libgcc.a(_pack_sf.o)
 .MSP430.attributes
                0x0000000000000353       0x17 /Users/liaojincheng/ti/msp430-gcc/bin/../lib/gcc/msp430-elf/9.3.1/430/libgcc.a(_unpack_sf.o)
 .MSP430.attributes
                0x000000000000036a       0x17 /Users/liaojincheng/ti/msp430-gcc/bin/../lib/gcc/msp430-elf/9.3.1/430/libgcc.a(_fpcmp_parts_sf.o)
 .MSP430.attributes
                0x0000000000000381       0x17 /Users/liaojincheng/ti/msp430-gcc/bin/../lib/gcc/msp430-elf/9.3.1/430/libgcc.a(_make_sf.o)
 .MSP430.attributes
                0x0000000000000398       0x17 /Users/liaojincheng/ti/msp430-gcc/bin/../lib/gcc/msp430-elf/9.3.1/430/libgcc.a(_pack_df.o)
 .MSP430.attributes
                0x00000000000003af       0x17 /Users/liaojincheng/ti/msp430-gcc/bin/../lib/gcc/msp430-elf/9.3.1/430/libgcc.a(_unpack_df.o)
 .MSP430.attributes
                0x00000000000003c6       0x17 /Users/liaojincheng/ti/msp430-gcc/bin/../lib/gcc/msp430-elf/9.3.1/430/libgcc.a(_clz.o)
 .MSP430.attributes
                0x00000000000003dd       0x17 /Users/liaojincheng/ti/msp430-gcc/bin/../lib/gcc/msp430-elf/9.3.1/430/libgcc.a(_clzdi2.o)
 .MSP430.attributes
                0x00000000000003f4       0x17 /Users/liaojincheng/ti/msp430-gcc/bin/../lib/gcc/msp430-elf/9.3.1/430/libmul_none.a(lib2_mul_none.o)
 .MSP430.attributes
                0x000000000000040b       0x17 /Users/liaojincheng/ti/msp430-gcc/bin/../lib/gcc/msp430-elf/9.3.1/../../../../msp430-elf/lib/430/libc.a(lib_a-memcpy.o)
 .MSP430.attributes
                0x0000000000000422       0x17 /Users/liaojincheng/ti/msp430-gcc/bin/../lib/gcc/msp430-elf/9.3.1/../../../../msp430-elf/lib/430/libcrt.a(crt_bss.o)
 .MSP430.attributes
                0x0000000000000439       0x17 /Users/liaojincheng/ti/msp430-gcc/bin/../lib/gcc/msp430-elf/9.3.1/../../../../msp430-elf/lib/430/libcrt.a(crt_movedata.o)
 .MSP430.attributes
                0x0000000000000450       0x17 /Users/liaojincheng/ti/msp430-gcc/bin/../lib/gcc/msp430-elf/9.3.1/../../../../msp430-elf/lib/430/libcrt.a(crt_main.o)
 .MSP430.attributes
                0x0000000000000467       0x17 /Users/liaojincheng/ti/msp430-gcc/bin/../lib/gcc/msp430-elf/9.3.1/../../../../msp430-elf/lib/430/libc.a(lib_a-memmove.o)
 .MSP430.attributes
                0x000000000000047e       0x17 /Users/liaojincheng/ti/msp430-gcc/bin/../lib/gcc/msp430-elf/9.3.1/../../../../msp430-elf/lib/430/libc.a(lib_a-memset.o)
 .MSP430.attributes
                0x0000000000000495       0x17 /Users/liaojincheng/ti/msp430-gcc/bin/../lib/gcc/msp430-elf/9.3.1/430/crtend_no_eh.o
 *(.gnu.attributes)
 *(__TI_build_attributes)

.stab
 *(.stab)

.stabstr
 *(.stabstr)

.stab.excl
 *(.stab.excl)

.stab.exclstr
 *(.stab.exclstr)

.stab.index
 *(.stab.index)

.stab.indexstr
 *(.stab.indexstr)

.comment        0x0000000000000000       0x39
 *(.comment)
 .comment       0x0000000000000000       0x39 CMakeFiles/example.dir/Core/Src/USCI_I2C.c.o
                                         0x3a (size before relaxing)
 .comment       0x0000000000000039       0x3a CMakeFiles/example.dir/Core/Src/bsp_Clock.c.o
 .comment       0x0000000000000039       0x3a CMakeFiles/example.dir/Core/Src/bsp_GPIO.c.o
 .comment       0x0000000000000039       0x3a CMakeFiles/example.dir/Core/Src/main.c.o
 .comment       0x0000000000000039       0x3a CMakeFiles/example.dir/Device/Src/msp430_adc10.c.o
 .comment       0x0000000000000039       0x3a CMakeFiles/example.dir/Device/Src/msp430_timer_a.c.o
 .comment       0x0000000000000039       0x3a /Users/liaojincheng/ti/msp430-gcc/bin/../lib/gcc/msp430-elf/9.3.1/430/libgcc.a(_mul_df.o)
 .comment       0x0000000000000039       0x3a /Users/liaojincheng/ti/msp430-gcc/bin/../lib/gcc/msp430-elf/9.3.1/430/libgcc.a(_div_df.o)
 .comment       0x0000000000000039       0x3a /Users/liaojincheng/ti/msp430-gcc/bin/../lib/gcc/msp430-elf/9.3.1/430/libgcc.a(_df_to_sf.o)
 .comment       0x0000000000000039       0x3a /Users/liaojincheng/ti/msp430-gcc/bin/../lib/gcc/msp430-elf/9.3.1/430/libgcc.a(_thenan_df.o)
 .comment       0x0000000000000039       0x3a /Users/liaojincheng/ti/msp430-gcc/bin/../lib/gcc/msp430-elf/9.3.1/430/libgcc.a(_usi_to_df.o)
 .comment       0x0000000000000039       0x3a /Users/liaojincheng/ti/msp430-gcc/bin/../lib/gcc/msp430-elf/9.3.1/430/libgcc.a(lib2divHI.o)
 .comment       0x0000000000000039       0x3a /Users/liaojincheng/ti/msp430-gcc/bin/../lib/gcc/msp430-elf/9.3.1/430/libgcc.a(lib2divSI.o)
 .comment       0x0000000000000039       0x3a /Users/liaojincheng/ti/msp430-gcc/bin/../lib/gcc/msp430-elf/9.3.1/430/libgcc.a(_clzsi2.o)
 .comment       0x0000000000000039       0x3a /Users/liaojincheng/ti/msp430-gcc/bin/../lib/gcc/msp430-elf/9.3.1/430/libgcc.a(_udivdi3.o)
 .comment       0x0000000000000039       0x3a /Users/liaojincheng/ti/msp430-gcc/bin/../lib/gcc/msp430-elf/9.3.1/430/libgcc.a(_pack_sf.o)
 .comment       0x0000000000000039       0x3a /Users/liaojincheng/ti/msp430-gcc/bin/../lib/gcc/msp430-elf/9.3.1/430/libgcc.a(_make_sf.o)
 .comment       0x0000000000000039       0x3a /Users/liaojincheng/ti/msp430-gcc/bin/../lib/gcc/msp430-elf/9.3.1/430/libgcc.a(_pack_df.o)
 .comment       0x0000000000000039       0x3a /Users/liaojincheng/ti/msp430-gcc/bin/../lib/gcc/msp430-elf/9.3.1/430/libgcc.a(_unpack_df.o)
 .comment       0x0000000000000039       0x3a /Users/liaojincheng/ti/msp430-gcc/bin/../lib/gcc/msp430-elf/9.3.1/430/libgcc.a(_clz.o)
 .comment       0x0000000000000039       0x3a /Users/liaojincheng/ti/msp430-gcc/bin/../lib/gcc/msp430-elf/9.3.1/430/libmul_none.a(lib2_mul_none.o)
 .comment       0x0000000000000039       0x3a /Users/liaojincheng/ti/msp430-gcc/bin/../lib/gcc/msp430-elf/9.3.1/../../../../msp430-elf/lib/430/libc.a(lib_a-memmove.o)
 .comment       0x0000000000000039       0x3a /Users/liaojincheng/ti/msp430-gcc/bin/../lib/gcc/msp430-elf/9.3.1/../../../../msp430-elf/lib/430/libc.a(lib_a-memset.o)

.debug
 *(.debug)

.line
 *(.line)

.debug_srcinfo
 *(.debug_srcinfo)

.debug_sfnames
 *(.debug_sfnames)

.debug_aranges  0x0000000000000000       0xc0
 *(.debug_aranges)
 .debug_aranges
                0x0000000000000000       0x20 CMakeFiles/example.dir/Core/Src/USCI_I2C.c.o
 .debug_aranges
                0x0000000000000020       0x20 CMakeFiles/example.dir/Core/Src/bsp_Clock.c.o
 .debug_aranges
                0x0000000000000040       0x20 CMakeFiles/example.dir/Core/Src/bsp_GPIO.c.o
 .debug_aranges
                0x0000000000000060       0x20 CMakeFiles/example.dir/Core/Src/main.c.o
 .debug_aranges
                0x0000000000000080       0x20 CMakeFiles/example.dir/Device/Src/msp430_adc10.c.o
 .debug_aranges
                0x00000000000000a0       0x20 CMakeFiles/example.dir/Device/Src/msp430_timer_a.c.o

.debug_pubnames
 *(.debug_pubnames)

.debug_info     0x0000000000000000     0x2678
 *(.debug_info .gnu.linkonce.wi.*)
 .debug_info    0x0000000000000000      0x673 CMakeFiles/example.dir/Core/Src/USCI_I2C.c.o
 .debug_info    0x0000000000000673      0x577 CMakeFiles/example.dir/Core/Src/bsp_Clock.c.o
 .debug_info    0x0000000000000bea      0x577 CMakeFiles/example.dir/Core/Src/bsp_GPIO.c.o
 .debug_info    0x0000000000001161      0x765 CMakeFiles/example.dir/Core/Src/main.c.o
 .debug_info    0x00000000000018c6      0x61d CMakeFiles/example.dir/Device/Src/msp430_adc10.c.o
 .debug_info    0x0000000000001ee3      0x795 CMakeFiles/example.dir/Device/Src/msp430_timer_a.c.o

.debug_abbrev   0x0000000000000000      0x579
 *(.debug_abbrev)
 .debug_abbrev  0x0000000000000000      0x114 CMakeFiles/example.dir/Core/Src/USCI_I2C.c.o
 .debug_abbrev  0x0000000000000114       0x84 CMakeFiles/example.dir/Core/Src/bsp_Clock.c.o
 .debug_abbrev  0x0000000000000198       0x84 CMakeFiles/example.dir/Core/Src/bsp_GPIO.c.o
 .debug_abbrev  0x000000000000021c      0x108 CMakeFiles/example.dir/Core/Src/main.c.o
 .debug_abbrev  0x0000000000000324       0xda CMakeFiles/example.dir/Device/Src/msp430_adc10.c.o
 .debug_abbrev  0x00000000000003fe      0x17b CMakeFiles/example.dir/Device/Src/msp430_timer_a.c.o

.debug_line     0x0000000000000000     0x143a
 *(.debug_line .debug_line.* .debug_line_end)
 .debug_line    0x0000000000000000      0x3fa CMakeFiles/example.dir/Core/Src/USCI_I2C.c.o
 .debug_line    0x00000000000003fa       0xf8 CMakeFiles/example.dir/Core/Src/bsp_Clock.c.o
 .debug_line    0x00000000000004f2       0xbf CMakeFiles/example.dir/Core/Src/bsp_GPIO.c.o
 .debug_line    0x00000000000005b1      0x274 CMakeFiles/example.dir/Core/Src/main.c.o
 .debug_line    0x0000000000000825      0x218 CMakeFiles/example.dir/Device/Src/msp430_adc10.c.o
 .debug_line    0x0000000000000a3d      0x9fd CMakeFiles/example.dir/Device/Src/msp430_timer_a.c.o

.debug_frame    0x0000000000000000      0x42c
 *(.debug_frame)
 .debug_frame   0x0000000000000000      0x110 CMakeFiles/example.dir/Core/Src/USCI_I2C.c.o
 .debug_frame   0x0000000000000110       0x24 CMakeFiles/example.dir/Core/Src/bsp_Clock.c.o
 .debug_frame   0x0000000000000134       0x24 CMakeFiles/example.dir/Core/Src/bsp_GPIO.c.o
 .debug_frame   0x0000000000000158      0x11c CMakeFiles/example.dir/Core/Src/main.c.o
 .debug_frame   0x0000000000000274       0x54 CMakeFiles/example.dir/Device/Src/msp430_adc10.c.o
 .debug_frame   0x00000000000002c8      0x164 CMakeFiles/example.dir/Device/Src/msp430_timer_a.c.o

.debug_str      0x0000000000000000      0x7e7
 *(.debug_str)
 .debug_str     0x0000000000000000      0x48d CMakeFiles/example.dir/Core/Src/USCI_I2C.c.o
                                        0x49a (size before relaxing)
 .debug_str     0x000000000000048d       0x90 CMakeFiles/example.dir/Core/Src/bsp_Clock.c.o
                                        0x474 (size before relaxing)
 .debug_str     0x000000000000051d       0x4c CMakeFiles/example.dir/Core/Src/bsp_GPIO.c.o
                                        0x472 (size before relaxing)
 .debug_str     0x0000000000000569       0xf9 CMakeFiles/example.dir/Core/Src/main.c.o
                                        0x55f (size before relaxing)
 .debug_str     0x0000000000000662       0x8a CMakeFiles/example.dir/Device/Src/msp430_adc10.c.o
                                        0x4c9 (size before relaxing)
 .debug_str     0x00000000000006ec       0xfb CMakeFiles/example.dir/Device/Src/msp430_timer_a.c.o
                                        0x4d6 (size before relaxing)

.debug_loc
 *(.debug_loc)

.debug_macinfo
 *(.debug_macinfo)

.debug_weaknames
 *(.debug_weaknames)

.debug_funcnames
 *(.debug_funcnames)

.debug_typenames
 *(.debug_typenames)

.debug_varnames
 *(.debug_varnames)

.debug_pubtypes
 *(.debug_pubtypes)

.debug_ranges
 *(.debug_ranges)

.debug_macro
 *(.debug_macro)

/DISCARD/
 *(.note.GNU-stack)
                [!provide]                        PROVIDE (IE1 = 0x0)
                [!provide]                        PROVIDE (IFG1 = 0x2)
                0x0000000000000001                PROVIDE (IE2 = 0x1)
                0x0000000000000003                PROVIDE (IFG2 = 0x3)
                0x0000000000000048                PROVIDE (ADC10DTC0 = 0x48)
                0x0000000000000049                PROVIDE (ADC10DTC1 = 0x49)
                0x000000000000004a                PROVIDE (ADC10AE0 = 0x4a)
                0x00000000000001b0                PROVIDE (ADC10CTL0 = 0x1b0)
                0x00000000000001b2                PROVIDE (ADC10CTL1 = 0x1b2)
                [!provide]                        PROVIDE (ADC10MEM = 0x1b4)
                0x00000000000001bc                PROVIDE (ADC10SA = 0x1bc)
                0x0000000000000056                PROVIDE (DCOCTL = 0x56)
                0x0000000000000057                PROVIDE (BCSCTL1 = 0x57)
                0x0000000000000058                PROVIDE (BCSCTL2 = 0x58)
                0x0000000000000053                PROVIDE (BCSCTL3 = 0x53)
                [!provide]                        PROVIDE (CACTL1 = 0x59)
                [!provide]                        PROVIDE (CACTL2 = 0x5a)
                [!provide]                        PROVIDE (CAPD = 0x5b)
                [!provide]                        PROVIDE (FCTL1 = 0x128)
                [!provide]                        PROVIDE (FCTL2 = 0x12a)
                [!provide]                        PROVIDE (FCTL3 = 0x12c)
                [!provide]                        PROVIDE (P1IN = 0x20)
                0x0000000000000021                PROVIDE (P1OUT = 0x21)
                0x0000000000000022                PROVIDE (P1DIR = 0x22)
                0x0000000000000023                PROVIDE (P1IFG = 0x23)
                0x0000000000000024                PROVIDE (P1IES = 0x24)
                0x0000000000000025                PROVIDE (P1IE = 0x25)
                0x0000000000000026                PROVIDE (P1SEL = 0x26)
                0x0000000000000041                PROVIDE (P1SEL2 = 0x41)
                0x0000000000000027                PROVIDE (P1REN = 0x27)
                [!provide]                        PROVIDE (P2IN = 0x28)
                [!provide]                        PROVIDE (P2OUT = 0x29)
                0x000000000000002a                PROVIDE (P2DIR = 0x2a)
                [!provide]                        PROVIDE (P2IFG = 0x2b)
                [!provide]                        PROVIDE (P2IES = 0x2c)
                [!provide]                        PROVIDE (P2IE = 0x2d)
                0x000000000000002e                PROVIDE (P2SEL = 0x2e)
                [!provide]                        PROVIDE (P2SEL2 = 0x42)
                [!provide]                        PROVIDE (P2REN = 0x2f)
                [!provide]                        PROVIDE (P3IN = 0x18)
                [!provide]                        PROVIDE (P3OUT = 0x19)
                0x000000000000001a                PROVIDE (P3DIR = 0x1a)
                0x000000000000001b                PROVIDE (P3SEL = 0x1b)
                [!provide]                        PROVIDE (P3SEL2 = 0x43)
                [!provide]                        PROVIDE (P3REN = 0x10)
                [!provide]                        PROVIDE (TA0IV = 0x12e)
                0x0000000000000160                PROVIDE (TA0CTL = 0x160)
                0x0000000000000162                PROVIDE (TA0CCTL0 = 0x162)
                0x0000000000000164                PROVIDE (TA0CCTL1 = 0x164)
                0x0000000000000166                PROVIDE (TA0CCTL2 = 0x166)
                [!provide]                        PROVIDE (TA0R = 0x170)
                0x0000000000000172                PROVIDE (TA0CCR0 = 0x172)
                0x0000000000000174                PROVIDE (TA0CCR1 = 0x174)
                0x0000000000000176                PROVIDE (TA0CCR2 = 0x176)
                [!provide]                        PROVIDE (TA1IV = 0x11e)
                0x0000000000000180                PROVIDE (TA1CTL = 0x180)
                [!provide]                        PROVIDE (TA1CCTL0 = 0x182)
                0x0000000000000184                PROVIDE (TA1CCTL1 = 0x184)
                0x0000000000000186                PROVIDE (TA1CCTL2 = 0x186)
                [!provide]                        PROVIDE (TA1R = 0x190)
                0x0000000000000192                PROVIDE (TA1CCR0 = 0x192)
                0x0000000000000194                PROVIDE (TA1CCR1 = 0x194)
                0x0000000000000196                PROVIDE (TA1CCR2 = 0x196)
                0x0000000000000060                PROVIDE (UCA0CTL0 = 0x60)
                0x0000000000000061                PROVIDE (UCA0CTL1 = 0x61)
                0x0000000000000062                PROVIDE (UCA0BR0 = 0x62)
                0x0000000000000063                PROVIDE (UCA0BR1 = 0x63)
                0x0000000000000064                PROVIDE (UCA0MCTL = 0x64)
                0x0000000000000065                PROVIDE (UCA0STAT = 0x65)
                [!provide]                        PROVIDE (UCA0RXBUF = 0x66)
                0x0000000000000067                PROVIDE (UCA0TXBUF = 0x67)
                [!provide]                        PROVIDE (UCA0ABCTL = 0x5d)
                [!provide]                        PROVIDE (UCA0IRTCTL = 0x5e)
                [!provide]                        PROVIDE (UCA0IRRCTL = 0x5f)
                0x0000000000000068                PROVIDE (UCB0CTL0 = 0x68)
                0x0000000000000069                PROVIDE (UCB0CTL1 = 0x69)
                0x000000000000006a                PROVIDE (UCB0BR0 = 0x6a)
                0x000000000000006b                PROVIDE (UCB0BR1 = 0x6b)
                [!provide]                        PROVIDE (UCB0I2CIE = 0x6c)
                0x000000000000006d                PROVIDE (UCB0STAT = 0x6d)
                0x000000000000006e                PROVIDE (UCB0RXBUF = 0x6e)
                0x000000000000006f                PROVIDE (UCB0TXBUF = 0x6f)
                [!provide]                        PROVIDE (UCB0I2COA = 0x118)
                0x000000000000011a                PROVIDE (UCB0I2CSA = 0x11a)
                0x0000000000000120                PROVIDE (WDTCTL = 0x120)
                [!provide]                        PROVIDE (CALDCO_16MHZ = 0x10f8)
                [!provide]                        PROVIDE (CALBC1_16MHZ = 0x10f9)
                [!provide]                        PROVIDE (CALDCO_12MHZ = 0x10fa)
                [!provide]                        PROVIDE (CALBC1_12MHZ = 0x10fb)
                [!provide]                        PROVIDE (CALDCO_8MHZ = 0x10fc)
                [!provide]                        PROVIDE (CALBC1_8MHZ = 0x10fd)
                0x00000000000010fe                PROVIDE (CALDCO_1MHZ = 0x10fe)
                0x00000000000010ff                PROVIDE (CALBC1_1MHZ = 0x10ff)
                [!provide]                        PROVIDE (TLV_CHECKSUM = 0x10c0)
                [!provide]                        PROVIDE (TLV_DCO_30_TAG = 0x10f6)
                [!provide]                        PROVIDE (TLV_DCO_30_LEN = 0x10f7)
                [!provide]                        PROVIDE (TLV_ADC10_1_TAG = 0x10da)
                [!provide]                        PROVIDE (TLV_ADC10_1_LEN = 0x10db)
LOAD /Users/liaojincheng/ti/msp430-gcc/bin/../lib/gcc/msp430-elf/9.3.1/430/libgcc.a
LOAD /Users/liaojincheng/ti/msp430-gcc/bin/../lib/gcc/msp430-elf/9.3.1/430/crtend_no_eh.o
LOAD /Users/liaojincheng/ti/msp430-gcc/bin/../lib/gcc/msp430-elf/9.3.1/430/libgcc.a
OUTPUT(example elf32-msp430)
